2026-03-27 03:10:27 - RECEIVED: ID=128, Field=date, Value=2026-03-24
2026-03-27 03:10:27 - CURRENT VALUE: 2026-03-27 -> NEW VALUE: 2026-03-24
2026-03-27 03:10:27 - AFFECTED ROWS: 1
2026-03-27 03:10:29 - RECEIVED: ID=128, Field=date, Value=2026-03-24
2026-03-27 03:10:29 - CURRENT VALUE: 2026-03-24 -> NEW VALUE: 2026-03-24
2026-03-27 03:10:29 - AFFECTED ROWS: 0
2026-03-27 03:10:31 - RECEIVED: ID=128, Field=amount, Value=41.88
2026-03-27 03:10:31 - CURRENT VALUE: 0.00 -> NEW VALUE: 41.88
2026-03-27 03:10:31 - AFFECTED ROWS: 1
2026-03-27 03:10:45 - RECEIVED: ID=128, Field=remarks, Value=Previous Late
2026-03-27 03:10:45 - CURRENT VALUE: Input Remarks -> NEW VALUE: Previous Late
2026-03-27 03:10:45 - AFFECTED ROWS: 1
2026-03-27 07:32:43 - RECEIVED: ID=129, Field=amount, Value=2.00
2026-03-27 07:32:43 - CURRENT VALUE: 0.00 -> NEW VALUE: 2.00
2026-03-27 07:32:43 - AFFECTED ROWS: 1
2026-03-27 07:32:44 - RECEIVED: ID=129, Field=date, Value=2026-03-27
2026-03-27 07:32:44 - CURRENT VALUE: 2026-03-27 -> NEW VALUE: 2026-03-27
2026-03-27 07:32:44 - AFFECTED ROWS: 0
2026-03-27 07:32:48 - RECEIVED: ID=129, Field=amount, Value=2110.91
2026-03-27 07:32:48 - CURRENT VALUE: 2.00 -> NEW VALUE: 2110.91
2026-03-27 07:32:48 - AFFECTED ROWS: 1
2026-03-27 07:32:54 - RECEIVED: ID=129, Field=remarks, Value=Unpaid Leave
2026-03-27 07:32:54 - CURRENT VALUE: Input Remarks -> NEW VALUE: Unpaid Leave
2026-03-27 07:32:54 - AFFECTED ROWS: 1
2026-03-27 07:33:00 - RECEIVED: ID=129, Field=date, Value=2026-03-23
2026-03-27 07:33:00 - CURRENT VALUE: 2026-03-27 -> NEW VALUE: 2026-03-23
2026-03-27 07:33:00 - AFFECTED ROWS: 1
2026-03-27 07:39:26 - RECEIVED: ID=130, Field=date, Value=2026-03-23
2026-03-27 07:39:26 - CURRENT VALUE: 2026-03-27 -> NEW VALUE: 2026-03-23
2026-03-27 07:39:26 - AFFECTED ROWS: 1
2026-03-27 07:39:28 - RECEIVED: ID=130, Field=amount, Value=315.91
2026-03-27 07:39:28 - CURRENT VALUE: 0.00 -> NEW VALUE: 315.91
2026-03-27 07:39:28 - AFFECTED ROWS: 1
2026-03-27 07:40:00 - RECEIVED: ID=130, Field=remarks, Value=Unpaid Half-Day Adjustment
2026-03-27 07:40:00 - CURRENT VALUE: Input Remarks -> NEW VALUE: Unpaid Half-Day Adjustment
2026-03-27 07:40:00 - AFFECTED ROWS: 1
2026-03-27 07:45:04 - RECEIVED: ID=127, Field=date, Value=2024-09-10
2026-03-27 07:45:04 - CURRENT VALUE: 2024-09-10 -> NEW VALUE: 2024-09-10
2026-03-27 07:45:04 - AFFECTED ROWS: 0
2026-03-27 07:45:06 - RECEIVED: ID=131, Field=date, Value=2026-03-24
2026-03-27 07:45:06 - CURRENT VALUE: 2026-03-27 -> NEW VALUE: 2026-03-24
2026-03-27 07:45:06 - AFFECTED ROWS: 1
2026-03-27 07:45:12 - RECEIVED: ID=131, Field=amount, Value=371.21
2026-03-27 07:45:12 - CURRENT VALUE: 0.00 -> NEW VALUE: 371.21
2026-03-27 07:45:12 - AFFECTED ROWS: 1
2026-03-27 07:45:17 - RECEIVED: ID=131, Field=amount, Value=371.21
2026-03-27 07:45:17 - CURRENT VALUE: 371.21 -> NEW VALUE: 371.21
2026-03-27 07:45:17 - AFFECTED ROWS: 0
2026-03-27 07:48:46 - RECEIVED: ID=131, Field=remarks, Value=Overtime from last cut-off
2026-03-27 07:48:46 - CURRENT VALUE: Input Remarks -> NEW VALUE: Overtime from last cut-off
2026-03-27 07:48:46 - AFFECTED ROWS: 1
2026-03-27 07:51:00 - RECEIVED: ID=131, Field=amount, Value=371.21
2026-03-27 07:51:00 - CURRENT VALUE: 371.21 -> NEW VALUE: 371.21
2026-03-27 07:51:00 - AFFECTED ROWS: 0
2026-03-27 07:51:07 - RECEIVED: ID=131, Field=remarks, Value=Overtime from last cut-off
2026-03-27 07:51:07 - CURRENT VALUE: Overtime from last cut-off -> NEW VALUE: Overtime from last cut-off
2026-03-27 07:51:07 - AFFECTED ROWS: 0
2026-03-27 07:51:09 - RECEIVED: ID=131, Field=remarks, Value=Overtime from last cut-off
2026-03-27 07:51:09 - CURRENT VALUE: Overtime from last cut-off -> NEW VALUE: Overtime from last cut-off
2026-03-27 07:51:09 - AFFECTED ROWS: 0
2026-03-27 07:53:53 - RECEIVED: ID=132, Field=date, Value=2026-03-24
2026-03-27 07:53:53 - CURRENT VALUE: 2026-03-27 -> NEW VALUE: 2026-03-24
2026-03-27 07:53:53 - AFFECTED ROWS: 1
2026-03-27 07:53:56 - RECEIVED: ID=132, Field=amount, Value=610.69
2026-03-27 07:53:56 - CURRENT VALUE: 0.00 -> NEW VALUE: 610.69
2026-03-27 07:53:56 - AFFECTED ROWS: 1
2026-03-27 07:54:02 - RECEIVED: ID=132, Field=remarks, Value=Tax Adjustment
2026-03-27 07:54:02 - CURRENT VALUE: Input Remarks -> NEW VALUE: Tax Adjustment
2026-03-27 07:54:02 - AFFECTED ROWS: 1
2026-03-27 07:54:17 - RECEIVED: ID=70, Field=date, Value=2024-06-19
2026-03-27 07:54:17 - CURRENT VALUE: 2024-06-19 -> NEW VALUE: 2024-06-19
2026-03-27 07:54:17 - AFFECTED ROWS: 0
2026-03-27 07:54:20 - RECEIVED: ID=133, Field=date, Value=2026-03-23
2026-03-27 07:54:20 - CURRENT VALUE: 2026-03-27 -> NEW VALUE: 2026-03-23
2026-03-27 07:54:20 - AFFECTED ROWS: 1
2026-03-27 07:54:20 - RECEIVED: ID=133, Field=amount, Value=0.00
2026-03-27 07:54:20 - CURRENT VALUE: 0.00 -> NEW VALUE: 0.00
2026-03-27 07:54:20 - AFFECTED ROWS: 0
2026-03-27 07:54:26 - RECEIVED: ID=133, Field=amount, Value=610.67
2026-03-27 07:54:26 - CURRENT VALUE: 0.00 -> NEW VALUE: 610.67
2026-03-27 07:54:26 - AFFECTED ROWS: 1
2026-03-27 07:54:28 - RECEIVED: ID=133, Field=amount, Value=610.67
2026-03-27 07:54:28 - CURRENT VALUE: 610.67 -> NEW VALUE: 610.67
2026-03-27 07:54:28 - AFFECTED ROWS: 0
2026-03-27 07:54:37 - RECEIVED: ID=133, Field=remarks, Value=Tax adjustment
2026-03-27 07:54:37 - CURRENT VALUE: Input Remarks -> NEW VALUE: Tax adjustment
2026-03-27 07:54:37 - AFFECTED ROWS: 1
2026-03-27 07:55:01 - RECEIVED: ID=134, Field=date, Value=2026-03-23
2026-03-27 07:55:01 - CURRENT VALUE: 2026-03-27 -> NEW VALUE: 2026-03-23
2026-03-27 07:55:01 - AFFECTED ROWS: 1
2026-03-27 07:55:03 - RECEIVED: ID=134, Field=amount, Value=3.00
2026-03-27 07:55:03 - CURRENT VALUE: 0.00 -> NEW VALUE: 3.00
2026-03-27 07:55:03 - AFFECTED ROWS: 1
2026-03-27 07:55:04 - RECEIVED: ID=134, Field=remarks, Value=Input Remarks
2026-03-27 07:55:04 - CURRENT VALUE: Input Remarks -> NEW VALUE: Input Remarks
2026-03-27 07:55:04 - AFFECTED ROWS: 0
2026-03-27 07:55:08 - RECEIVED: ID=134, Field=amount, Value=3044.50
2026-03-27 07:55:08 - CURRENT VALUE: 3.00 -> NEW VALUE: 3044.50
2026-03-27 07:55:08 - AFFECTED ROWS: 1
2026-03-27 07:55:16 - RECEIVED: ID=134, Field=remarks, Value=Tax Adjustment
2026-03-27 07:55:16 - CURRENT VALUE: Input Remarks -> NEW VALUE: Tax Adjustment
2026-03-27 07:55:16 - AFFECTED ROWS: 1
2026-03-27 07:55:35 - RECEIVED: ID=135, Field=date, Value=2026-03-23
2026-03-27 07:55:35 - CURRENT VALUE: 2026-03-27 -> NEW VALUE: 2026-03-23
2026-03-27 07:55:35 - AFFECTED ROWS: 1
2026-03-27 07:55:37 - RECEIVED: ID=135, Field=amount, Value=605.64
2026-03-27 07:55:37 - CURRENT VALUE: 0.00 -> NEW VALUE: 605.64
2026-03-27 07:55:37 - AFFECTED ROWS: 1
2026-03-27 07:55:42 - RECEIVED: ID=135, Field=remarks, Value=Tax Adjustment
2026-03-27 07:55:42 - CURRENT VALUE: Input Remarks -> NEW VALUE: Tax Adjustment
2026-03-27 07:55:42 - AFFECTED ROWS: 1
2026-03-27 07:55:58 - RECEIVED: ID=136, Field=date, Value=2026-03-23
2026-03-27 07:55:58 - CURRENT VALUE: 2026-03-27 -> NEW VALUE: 2026-03-23
2026-03-27 07:55:58 - AFFECTED ROWS: 1
2026-03-27 07:55:59 - RECEIVED: ID=136, Field=amount, Value=518.55
2026-03-27 07:55:59 - CURRENT VALUE: 0.00 -> NEW VALUE: 518.55
2026-03-27 07:55:59 - AFFECTED ROWS: 1
2026-03-27 07:56:04 - RECEIVED: ID=136, Field=remarks, Value=Tax Adjustment
2026-03-27 07:56:05 - CURRENT VALUE: Input Remarks -> NEW VALUE: Tax Adjustment
2026-03-27 07:56:05 - AFFECTED ROWS: 1
2026-03-27 07:56:23 - RECEIVED: ID=137, Field=date, Value=2026-03-23
2026-03-27 07:56:23 - CURRENT VALUE: 2026-03-27 -> NEW VALUE: 2026-03-23
2026-03-27 07:56:23 - AFFECTED ROWS: 1
2026-03-27 07:56:25 - RECEIVED: ID=137, Field=amount, Value=758.23
2026-03-27 07:56:25 - CURRENT VALUE: 0.00 -> NEW VALUE: 758.23
2026-03-27 07:56:25 - AFFECTED ROWS: 1
2026-03-27 07:56:30 - RECEIVED: ID=137, Field=remarks, Value=Tax Adjustment
2026-03-27 07:56:30 - CURRENT VALUE: Input Remarks -> NEW VALUE: Tax Adjustment
2026-03-27 07:56:30 - AFFECTED ROWS: 1
2026-03-27 07:56:46 - RECEIVED: ID=138, Field=date, Value=2026-03-23
2026-03-27 07:56:46 - CURRENT VALUE: 2026-03-27 -> NEW VALUE: 2026-03-23
2026-03-27 07:56:46 - AFFECTED ROWS: 1
2026-03-27 07:56:47 - RECEIVED: ID=138, Field=amount, Value=541.63
2026-03-27 07:56:47 - CURRENT VALUE: 0.00 -> NEW VALUE: 541.63
2026-03-27 07:56:47 - AFFECTED ROWS: 1
2026-03-27 07:56:53 - RECEIVED: ID=138, Field=remarks, Value=Tax Adjustment
2026-03-27 07:56:53 - CURRENT VALUE: Input Remarks -> NEW VALUE: Tax Adjustment
2026-03-27 07:56:53 - AFFECTED ROWS: 1
2026-03-27 07:57:48 - RECEIVED: ID=139, Field=date, Value=2026-03-23
2026-03-27 07:57:48 - CURRENT VALUE: 2026-03-27 -> NEW VALUE: 2026-03-23
2026-03-27 07:57:48 - AFFECTED ROWS: 1
2026-03-27 07:57:50 - RECEIVED: ID=139, Field=amount, Value=582.25
2026-03-27 07:57:50 - CURRENT VALUE: 0.00 -> NEW VALUE: 582.25
2026-03-27 07:57:50 - AFFECTED ROWS: 1
2026-03-27 07:57:55 - RECEIVED: ID=139, Field=remarks, Value=Tax Adjustment
2026-03-27 07:57:55 - CURRENT VALUE: Input Remarks -> NEW VALUE: Tax Adjustment
2026-03-27 07:57:55 - AFFECTED ROWS: 1
2026-03-27 07:58:15 - RECEIVED: ID=140, Field=date, Value=2026-03-23
2026-03-27 07:58:15 - CURRENT VALUE: 2026-03-27 -> NEW VALUE: 2026-03-23
2026-03-27 07:58:15 - AFFECTED ROWS: 1
2026-03-27 07:58:16 - RECEIVED: ID=140, Field=amount, Value=7.00
2026-03-27 07:58:16 - CURRENT VALUE: 0.00 -> NEW VALUE: 7.00
2026-03-27 07:58:16 - AFFECTED ROWS: 1
2026-03-27 07:58:22 - RECEIVED: ID=140, Field=remarks, Value=Tax Adjustment
2026-03-27 07:58:22 - CURRENT VALUE: Input Remarks -> NEW VALUE: Tax Adjustment
2026-03-27 07:58:22 - AFFECTED ROWS: 1
2026-03-27 07:58:33 - RECEIVED: ID=140, Field=amount, Value=7282.06
2026-03-27 07:58:33 - CURRENT VALUE: 7.00 -> NEW VALUE: 7282.06
2026-03-27 07:58:33 - AFFECTED ROWS: 1
2026-03-27 07:58:55 - RECEIVED: ID=141, Field=date, Value=2026-03-23
2026-03-27 07:58:55 - CURRENT VALUE: 2026-03-27 -> NEW VALUE: 2026-03-23
2026-03-27 07:58:55 - AFFECTED ROWS: 1
2026-03-27 07:58:56 - RECEIVED: ID=141, Field=amount, Value=680.53
2026-03-27 07:58:56 - CURRENT VALUE: 0.00 -> NEW VALUE: 680.53
2026-03-27 07:58:56 - AFFECTED ROWS: 1
2026-03-27 07:59:01 - RECEIVED: ID=141, Field=remarks, Value=Tax Adjustment
2026-03-27 07:59:01 - CURRENT VALUE: Input Remarks -> NEW VALUE: Tax Adjustment
2026-03-27 07:59:01 - AFFECTED ROWS: 1
2026-03-27 07:59:40 - RECEIVED: ID=142, Field=date, Value=2026-03-23
2026-03-27 07:59:40 - CURRENT VALUE: 2026-03-27 -> NEW VALUE: 2026-03-23
2026-03-27 07:59:40 - AFFECTED ROWS: 1
2026-03-27 07:59:41 - RECEIVED: ID=142, Field=amount, Value=686.23
2026-03-27 07:59:41 - CURRENT VALUE: 0.00 -> NEW VALUE: 686.23
2026-03-27 07:59:41 - AFFECTED ROWS: 1
2026-03-27 07:59:45 - RECEIVED: ID=142, Field=remarks, Value=Tax Adjustment
2026-03-27 07:59:45 - CURRENT VALUE: Input Remarks -> NEW VALUE: Tax Adjustment
2026-03-27 07:59:45 - AFFECTED ROWS: 1
2026-03-27 08:04:12 - RECEIVED: ID=143, Field=amount, Value=6682.98
2026-03-27 08:04:12 - CURRENT VALUE: 0.00 -> NEW VALUE: 6682.98
2026-03-27 08:04:13 - AFFECTED ROWS: 1
2026-03-27 08:04:14 - RECEIVED: ID=143, Field=date, Value=2026-03-23
2026-03-27 08:04:14 - CURRENT VALUE: 2026-03-27 -> NEW VALUE: 2026-03-23
2026-03-27 08:04:14 - AFFECTED ROWS: 1
2026-03-27 08:04:30 - RECEIVED: ID=143, Field=remarks, Value=Withholding Tax
2026-03-27 08:04:30 - CURRENT VALUE: Input Remarks -> NEW VALUE: Withholding Tax
2026-03-27 08:04:30 - AFFECTED ROWS: 1
2026-03-27 08:05:21 - RECEIVED: ID=144, Field=amount, Value=4237.66
2026-03-27 08:05:21 - CURRENT VALUE: 0.00 -> NEW VALUE: 4237.66
2026-03-27 08:05:21 - AFFECTED ROWS: 1
2026-03-27 08:05:21 - RECEIVED: ID=144, Field=amount, Value=4237.66
2026-03-27 08:05:21 - CURRENT VALUE: 4237.66 -> NEW VALUE: 4237.66
2026-03-27 08:05:21 - AFFECTED ROWS: 0
2026-03-27 08:05:23 - RECEIVED: ID=144, Field=date, Value=2026-03-23
2026-03-27 08:05:23 - CURRENT VALUE: 2026-03-27 -> NEW VALUE: 2026-03-23
2026-03-27 08:05:23 - AFFECTED ROWS: 1
2026-03-27 08:05:23 - RECEIVED: ID=144, Field=date, Value=2026-03-23
2026-03-27 08:05:23 - CURRENT VALUE: 2026-03-23 -> NEW VALUE: 2026-03-23
2026-03-27 08:05:23 - AFFECTED ROWS: 0
2026-03-27 08:05:28 - RECEIVED: ID=144, Field=remarks, Value=Withholding Tax
2026-03-27 08:05:28 - CURRENT VALUE: Input Remarks -> NEW VALUE: Withholding Tax
2026-03-27 08:05:28 - AFFECTED ROWS: 1
2026-03-27 08:05:28 - RECEIVED: ID=144, Field=remarks, Value=Withholding Tax
2026-03-27 08:05:28 - CURRENT VALUE: Withholding Tax -> NEW VALUE: Withholding Tax
2026-03-27 08:05:28 - AFFECTED ROWS: 0
2026-03-30 04:14:59 - RECEIVED: ID=130, Field=amount, Value=315.91
2026-03-30 04:14:59 - CURRENT VALUE: 315.91 -> NEW VALUE: 315.91
2026-03-30 04:14:59 - AFFECTED ROWS: 0
2026-04-01 09:06:32 - RECEIVED: ID=145, Field=date, Value=2026-04-24
2026-04-01 09:06:32 - CURRENT VALUE: 2026-04-01 -> NEW VALUE: 2026-04-24
2026-04-01 09:06:32 - AFFECTED ROWS: 1
2026-04-01 09:06:38 - RECEIVED: ID=145, Field=amount, Value=912.14
2026-04-01 09:06:38 - CURRENT VALUE: 0.00 -> NEW VALUE: 912.14
2026-04-01 09:06:38 - AFFECTED ROWS: 1
2026-04-01 09:06:53 - RECEIVED: ID=145, Field=remarks, Value=Previous Loan Deduction
2026-04-01 09:06:53 - CURRENT VALUE: Input Remarks -> NEW VALUE: Previous Loan Deduction
2026-04-01 09:06:53 - AFFECTED ROWS: 1
2026-04-01 09:08:13 - RECEIVED: ID=145, Field=date, Value=2026-03-24
2026-04-01 09:08:13 - CURRENT VALUE: 2026-04-24 -> NEW VALUE: 2026-03-24
2026-04-01 09:08:13 - AFFECTED ROWS: 1
2026-04-01 09:08:14 - RECEIVED: ID=145, Field=amount, Value=912.14
2026-04-01 09:08:14 - CURRENT VALUE: 912.14 -> NEW VALUE: 912.14
2026-04-01 09:08:14 - AFFECTED ROWS: 0
2026-04-13 09:20:53 - RECEIVED: ID=146, Field=date, Value=2026-04-09
2026-04-13 09:20:53 - CURRENT VALUE: 2026-04-13 -> NEW VALUE: 2026-04-09
2026-04-13 09:20:53 - AFFECTED ROWS: 1
2026-04-13 09:20:54 - RECEIVED: ID=146, Field=amount, Value=0.00
2026-04-13 09:20:54 - CURRENT VALUE: 0.00 -> NEW VALUE: 0.00
2026-04-13 09:20:54 - AFFECTED ROWS: 0
2026-04-13 09:20:56 - RECEIVED: ID=146, Field=remarks, Value=Input Remarks
2026-04-13 09:20:56 - CURRENT VALUE: Input Remarks -> NEW VALUE: Input Remarks
2026-04-13 09:20:56 - AFFECTED ROWS: 0
2026-04-13 09:21:01 - RECEIVED: ID=146, Field=remarks, Value=Input Remarks
2026-04-13 09:21:01 - CURRENT VALUE: Input Remarks -> NEW VALUE: Input Remarks
2026-04-13 09:21:01 - AFFECTED ROWS: 0
2026-04-13 09:21:02 - RECEIVED: ID=146, Field=amount, Value=3.00
2026-04-13 09:21:02 - CURRENT VALUE: 0.00 -> NEW VALUE: 3.00
2026-04-13 09:21:02 - AFFECTED ROWS: 1
2026-04-13 09:21:04 - RECEIVED: ID=146, Field=remarks, Value=Input Remarks
2026-04-13 09:21:04 - CURRENT VALUE: Input Remarks -> NEW VALUE: Input Remarks
2026-04-13 09:21:04 - AFFECTED ROWS: 0
2026-04-13 09:21:04 - RECEIVED: ID=144, Field=remarks, Value=Withholding Tax
2026-04-13 09:21:04 - CURRENT VALUE: Withholding Tax -> NEW VALUE: Withholding Tax
2026-04-13 09:21:04 - AFFECTED ROWS: 0
2026-04-13 09:21:06 - RECEIVED: ID=134, Field=remarks, Value=Tax Adjustment
2026-04-13 09:21:06 - CURRENT VALUE: Tax Adjustment -> NEW VALUE: Tax Adjustment
2026-04-13 09:21:06 - AFFECTED ROWS: 0
2026-04-13 09:21:09 - RECEIVED: ID=146, Field=remarks, Value=Tax Adjustment
2026-04-13 09:21:09 - CURRENT VALUE: Input Remarks -> NEW VALUE: Tax Adjustment
2026-04-13 09:21:09 - AFFECTED ROWS: 1
2026-04-13 09:21:18 - RECEIVED: ID=146, Field=amount, Value=3.00
2026-04-13 09:21:18 - CURRENT VALUE: 3.00 -> NEW VALUE: 3.00
2026-04-13 09:21:18 - AFFECTED ROWS: 0
2026-04-13 09:21:22 - RECEIVED: ID=146, Field=amount, Value=3.00
2026-04-13 09:21:22 - CURRENT VALUE: 3.00 -> NEW VALUE: 3.00
2026-04-13 09:21:22 - AFFECTED ROWS: 0
2026-04-13 09:21:23 - RECEIVED: ID=146, Field=remarks, Value=Tax Adjustment
2026-04-13 09:21:23 - CURRENT VALUE: Tax Adjustment -> NEW VALUE: Tax Adjustment
2026-04-13 09:21:23 - AFFECTED ROWS: 0
2026-04-13 09:21:27 - RECEIVED: ID=146, Field=amount, Value=3044.50
2026-04-13 09:21:27 - CURRENT VALUE: 3.00 -> NEW VALUE: 3044.50
2026-04-13 09:21:27 - AFFECTED ROWS: 1
2026-04-13 09:21:30 - RECEIVED: ID=146, Field=remarks, Value=Tax Adjustment
2026-04-13 09:21:30 - CURRENT VALUE: Tax Adjustment -> NEW VALUE: Tax Adjustment
2026-04-13 09:21:30 - AFFECTED ROWS: 0
2026-04-13 09:21:52 - RECEIVED: ID=147, Field=date, Value=2026-04-09
2026-04-13 09:21:52 - CURRENT VALUE: 2026-04-13 -> NEW VALUE: 2026-04-09
2026-04-13 09:21:52 - AFFECTED ROWS: 1
2026-04-13 09:21:53 - RECEIVED: ID=147, Field=amount, Value=0.00
2026-04-13 09:21:53 - CURRENT VALUE: 0.00 -> NEW VALUE: 0.00
2026-04-13 09:21:53 - AFFECTED ROWS: 0
2026-04-13 09:22:00 - RECEIVED: ID=147, Field=amount, Value=518.55
2026-04-13 09:22:00 - CURRENT VALUE: 0.00 -> NEW VALUE: 518.55
2026-04-13 09:22:00 - AFFECTED ROWS: 1
2026-04-13 09:22:01 - RECEIVED: ID=147, Field=remarks, Value=Input Remarks
2026-04-13 09:22:01 - CURRENT VALUE: Input Remarks -> NEW VALUE: Input Remarks
2026-04-13 09:22:01 - AFFECTED ROWS: 0
2026-04-13 09:22:02 - RECEIVED: ID=136, Field=remarks, Value=Tax Adjustment
2026-04-13 09:22:02 - CURRENT VALUE: Tax Adjustment -> NEW VALUE: Tax Adjustment
2026-04-13 09:22:02 - AFFECTED ROWS: 0
2026-04-13 09:22:04 - RECEIVED: ID=147, Field=remarks, Value=Tax Adjustment
2026-04-13 09:22:04 - CURRENT VALUE: Input Remarks -> NEW VALUE: Tax Adjustment
2026-04-13 09:22:04 - AFFECTED ROWS: 1
2026-04-13 09:22:41 - RECEIVED: ID=148, Field=date, Value=2026-04-09
2026-04-13 09:22:41 - CURRENT VALUE: 2026-04-13 -> NEW VALUE: 2026-04-09
2026-04-13 09:22:41 - AFFECTED ROWS: 1
2026-04-13 09:22:41 - RECEIVED: ID=148, Field=amount, Value=0.00
2026-04-13 09:22:41 - CURRENT VALUE: 0.00 -> NEW VALUE: 0.00
2026-04-13 09:22:41 - AFFECTED ROWS: 0
2026-04-13 09:22:41 - RECEIVED: ID=148, Field=amount, Value=0.00
2026-04-13 09:22:41 - CURRENT VALUE: 0.00 -> NEW VALUE: 0.00
2026-04-13 09:22:41 - AFFECTED ROWS: 0
2026-04-13 09:22:42 - RECEIVED: ID=148, Field=date, Value=2026-04-09
2026-04-13 09:22:42 - CURRENT VALUE: 2026-04-09 -> NEW VALUE: 2026-04-09
2026-04-13 09:22:42 - AFFECTED ROWS: 0
2026-04-13 09:22:42 - RECEIVED: ID=148, Field=amount, Value=0.00
2026-04-13 09:22:42 - CURRENT VALUE: 0.00 -> NEW VALUE: 0.00
2026-04-13 09:22:42 - AFFECTED ROWS: 0
2026-04-13 09:22:46 - RECEIVED: ID=148, Field=amount, Value=0.00
2026-04-13 09:22:46 - CURRENT VALUE: 0.00 -> NEW VALUE: 0.00
2026-04-13 09:22:46 - AFFECTED ROWS: 0
2026-04-13 09:22:58 - RECEIVED: ID=148, Field=remarks, Value=Input Remarks
2026-04-13 09:22:58 - CURRENT VALUE: Input Remarks -> NEW VALUE: Input Remarks
2026-04-13 09:22:58 - AFFECTED ROWS: 0
2026-04-13 09:22:58 - RECEIVED: ID=148, Field=amount, Value=541.63
2026-04-13 09:22:58 - CURRENT VALUE: 0.00 -> NEW VALUE: 541.63
2026-04-13 09:22:58 - AFFECTED ROWS: 1
2026-04-13 09:23:09 - RECEIVED: ID=148, Field=remarks, Value=Tax Adjustment
2026-04-13 09:23:09 - CURRENT VALUE: Input Remarks -> NEW VALUE: Tax Adjustment
2026-04-13 09:23:09 - AFFECTED ROWS: 1
2026-04-13 09:23:11 - RECEIVED: ID=138, Field=remarks, Value=Tax Adjustment
2026-04-13 09:23:11 - CURRENT VALUE: Tax Adjustment -> NEW VALUE: Tax Adjustment
2026-04-13 09:23:11 - AFFECTED ROWS: 0
2026-04-13 09:23:33 - RECEIVED: ID=149, Field=date, Value=2026-04-09
2026-04-13 09:23:33 - CURRENT VALUE: 2026-04-13 -> NEW VALUE: 2026-04-09
2026-04-13 09:23:33 - AFFECTED ROWS: 1
2026-04-13 09:23:33 - RECEIVED: ID=149, Field=date, Value=2026-04-09
2026-04-13 09:23:33 - CURRENT VALUE: 2026-04-09 -> NEW VALUE: 2026-04-09
2026-04-13 09:23:33 - AFFECTED ROWS: 0
2026-04-13 09:23:33 - RECEIVED: ID=149, Field=amount, Value=0.00
2026-04-13 09:23:33 - CURRENT VALUE: 0.00 -> NEW VALUE: 0.00
2026-04-13 09:23:33 - AFFECTED ROWS: 0
2026-04-13 09:23:33 - RECEIVED: ID=149, Field=amount, Value=0.00
2026-04-13 09:23:33 - CURRENT VALUE: 0.00 -> NEW VALUE: 0.00
2026-04-13 09:23:33 - AFFECTED ROWS: 0
2026-04-13 09:23:43 - RECEIVED: ID=149, Field=amount, Value=7282.06
2026-04-13 09:23:43 - CURRENT VALUE: 0.00 -> NEW VALUE: 7282.06
2026-04-13 09:23:43 - AFFECTED ROWS: 1
2026-04-13 09:23:43 - RECEIVED: ID=149, Field=amount, Value=7282.06
2026-04-13 09:23:43 - CURRENT VALUE: 7282.06 -> NEW VALUE: 7282.06
2026-04-13 09:23:43 - AFFECTED ROWS: 0
2026-04-13 09:24:03 - RECEIVED: ID=149, Field=amount, Value=7282.06
2026-04-13 09:24:03 - CURRENT VALUE: 7282.06 -> NEW VALUE: 7282.06
2026-04-13 09:24:03 - AFFECTED ROWS: 0
2026-04-13 09:24:03 - RECEIVED: ID=149, Field=amount, Value=7282.06
2026-04-13 09:24:03 - CURRENT VALUE: 7282.06 -> NEW VALUE: 7282.06
2026-04-13 09:24:03 - AFFECTED ROWS: 0
2026-04-13 09:24:05 - RECEIVED: ID=149, Field=amount, Value=7282.06
2026-04-13 09:24:05 - CURRENT VALUE: 7282.06 -> NEW VALUE: 7282.06
2026-04-13 09:24:05 - AFFECTED ROWS: 0
2026-04-13 09:24:05 - RECEIVED: ID=149, Field=amount, Value=7282.06
2026-04-13 09:24:05 - CURRENT VALUE: 7282.06 -> NEW VALUE: 7282.06
2026-04-13 09:24:05 - AFFECTED ROWS: 0
2026-04-13 09:24:05 - RECEIVED: ID=149, Field=date, Value=2026-04-09
2026-04-13 09:24:05 - CURRENT VALUE: 2026-04-09 -> NEW VALUE: 2026-04-09
2026-04-13 09:24:05 - AFFECTED ROWS: 0
2026-04-13 09:24:05 - RECEIVED: ID=149, Field=date, Value=2026-04-09
2026-04-13 09:24:05 - CURRENT VALUE: 2026-04-09 -> NEW VALUE: 2026-04-09
2026-04-13 09:24:05 - AFFECTED ROWS: 0
2026-04-13 09:24:09 - RECEIVED: ID=149, Field=amount, Value=7282.06
2026-04-13 09:24:09 - CURRENT VALUE: 7282.06 -> NEW VALUE: 7282.06
2026-04-13 09:24:09 - AFFECTED ROWS: 0
2026-04-13 09:24:09 - RECEIVED: ID=149, Field=amount, Value=7282.06
2026-04-13 09:24:09 - CURRENT VALUE: 7282.06 -> NEW VALUE: 7282.06
2026-04-13 09:24:09 - AFFECTED ROWS: 0
2026-04-13 09:24:09 - RECEIVED: ID=149, Field=amount, Value=7282.06
2026-04-13 09:24:09 - CURRENT VALUE: 7282.06 -> NEW VALUE: 7282.06
2026-04-13 09:24:09 - AFFECTED ROWS: 0
2026-04-13 09:24:09 - RECEIVED: ID=149, Field=amount, Value=7282.06
2026-04-13 09:24:09 - CURRENT VALUE: 7282.06 -> NEW VALUE: 7282.06
2026-04-13 09:24:09 - AFFECTED ROWS: 0
2026-04-13 09:24:10 - RECEIVED: ID=140, Field=remarks, Value=Tax Adjustment
2026-04-13 09:24:10 - CURRENT VALUE: Tax Adjustment -> NEW VALUE: Tax Adjustment
2026-04-13 09:24:10 - AFFECTED ROWS: 0
2026-04-13 09:24:10 - RECEIVED: ID=140, Field=remarks, Value=Tax Adjustment
2026-04-13 09:24:10 - CURRENT VALUE: Tax Adjustment -> NEW VALUE: Tax Adjustment
2026-04-13 09:24:10 - AFFECTED ROWS: 0
2026-04-13 09:24:12 - RECEIVED: ID=149, Field=remarks, Value=Tax Adjustment
2026-04-13 09:24:12 - CURRENT VALUE: Input Remarks -> NEW VALUE: Tax Adjustment
2026-04-13 09:24:12 - AFFECTED ROWS: 1
2026-04-13 09:24:12 - RECEIVED: ID=149, Field=remarks, Value=Tax Adjustment
2026-04-13 09:24:12 - CURRENT VALUE: Tax Adjustment -> NEW VALUE: Tax Adjustment
2026-04-13 09:24:12 - AFFECTED ROWS: 0
2026-04-14 02:50:39 - RECEIVED: ID=150, Field=date, Value=2026-04-09
2026-04-14 02:50:39 - CURRENT VALUE: 2026-04-14 -> NEW VALUE: 2026-04-09
2026-04-14 02:50:39 - AFFECTED ROWS: 1
2026-04-14 02:50:46 - RECEIVED: ID=150, Field=amount, Value=5202.59
2026-04-14 02:50:46 - CURRENT VALUE: 0.00 -> NEW VALUE: 5202.59
2026-04-14 02:50:46 - AFFECTED ROWS: 1
2026-04-14 02:51:12 - RECEIVED: ID=150, Field=remarks, Value=Paternity leave care of SSS
2026-04-14 02:51:12 - CURRENT VALUE: Input Remarks -> NEW VALUE: Paternity leave care of SSS
2026-04-14 02:51:12 - AFFECTED ROWS: 1
2026-04-14 03:06:52 - RECEIVED: ID=151, Field=date, Value=2026-04-09
2026-04-14 03:06:52 - CURRENT VALUE: 2026-04-14 -> NEW VALUE: 2026-04-09
2026-04-14 03:06:52 - AFFECTED ROWS: 1
2026-04-14 03:06:59 - RECEIVED: ID=151, Field=amount, Value=4721.14
2026-04-14 03:06:59 - CURRENT VALUE: 0.00 -> NEW VALUE: 4721.14
2026-04-14 03:06:59 - AFFECTED ROWS: 1
2026-04-14 03:07:13 - RECEIVED: ID=151, Field=remarks, Value=Maternity leave
2026-04-14 03:07:13 - CURRENT VALUE: Input Remarks -> NEW VALUE: Maternity leave
2026-04-14 03:07:13 - AFFECTED ROWS: 1
2026-04-14 08:38:58 - RECEIVED: ID=152, Field=date, Value=2026-04-09
2026-04-14 08:38:58 - CURRENT VALUE: 2026-04-14 -> NEW VALUE: 2026-04-09
2026-04-14 08:38:58 - AFFECTED ROWS: 1
2026-04-14 08:39:00 - RECEIVED: ID=152, Field=amount, Value=250.00
2026-04-14 08:39:00 - CURRENT VALUE: 0.00 -> NEW VALUE: 250.00
2026-04-14 08:39:00 - AFFECTED ROWS: 1
2026-04-14 08:39:05 - RECEIVED: ID=152, Field=remarks, Value=Pagibig
2026-04-14 08:39:05 - CURRENT VALUE: Input Remarks -> NEW VALUE: Pagibig
2026-04-14 08:39:05 - AFFECTED ROWS: 1
2026-04-14 08:39:17 - RECEIVED: ID=152, Field=remarks, Value=Pagibig loan deduction
2026-04-14 08:39:17 - CURRENT VALUE: Pagibig -> NEW VALUE: Pagibig loan deduction
2026-04-14 08:39:17 - AFFECTED ROWS: 1
2026-04-14 09:22:39 - RECEIVED: ID=153, Field=date, Value=2026-04-09
2026-04-14 09:22:39 - CURRENT VALUE: 2026-04-14 -> NEW VALUE: 2026-04-09
2026-04-14 09:22:39 - AFFECTED ROWS: 1
2026-04-14 09:22:52 - RECEIVED: ID=153, Field=amount, Value=3444.55
2026-04-14 09:22:52 - CURRENT VALUE: 0.00 -> NEW VALUE: 3444.55
2026-04-14 09:22:52 - AFFECTED ROWS: 1
2026-04-14 09:22:53 - RECEIVED: ID=153, Field=remarks, Value=Input Remarks
2026-04-14 09:22:53 - CURRENT VALUE: Input Remarks -> NEW VALUE: Input Remarks
2026-04-14 09:22:53 - AFFECTED ROWS: 0
2026-04-14 09:22:54 - RECEIVED: ID=151, Field=remarks, Value=Maternity leave
2026-04-14 09:22:54 - CURRENT VALUE: Maternity leave -> NEW VALUE: Maternity leave
2026-04-14 09:22:54 - AFFECTED ROWS: 0
2026-04-14 09:22:57 - RECEIVED: ID=153, Field=remarks, Value=Maternity leave
2026-04-14 09:22:57 - CURRENT VALUE: Input Remarks -> NEW VALUE: Maternity leave
2026-04-14 09:22:57 - AFFECTED ROWS: 1
2026-04-15 04:28:50 - RECEIVED: ID=152, Field=amount, Value=0.00
2026-04-15 04:28:50 - CURRENT VALUE: 250.00 -> NEW VALUE: 0.00
2026-04-15 04:28:50 - AFFECTED ROWS: 1
2026-04-15 04:28:51 - RECEIVED: ID=152, Field=remarks, Value=Pagibig loan deduction
2026-04-15 04:28:51 - CURRENT VALUE: Pagibig loan deduction -> NEW VALUE: Pagibig loan deduction
2026-04-15 04:28:51 - AFFECTED ROWS: 0
2026-04-28 08:40:11 - RECEIVED: ID=154, Field=date, Value=2026-04-24
2026-04-28 08:40:11 - CURRENT VALUE: 2026-04-28 -> NEW VALUE: 2026-04-24
2026-04-28 08:40:11 - AFFECTED ROWS: 1
2026-04-28 08:40:16 - RECEIVED: ID=154, Field=amount, Value=3044.50
2026-04-28 08:40:16 - CURRENT VALUE: 0.00 -> NEW VALUE: 3044.50
2026-04-28 08:40:16 - AFFECTED ROWS: 1
2026-04-28 08:40:18 - RECEIVED: ID=154, Field=remarks, Value=Input Remarks
2026-04-28 08:40:18 - CURRENT VALUE: Input Remarks -> NEW VALUE: Input Remarks
2026-04-28 08:40:18 - AFFECTED ROWS: 0
2026-04-28 08:40:20 - RECEIVED: ID=146, Field=remarks, Value=Tax Adjustment
2026-04-28 08:40:20 - CURRENT VALUE: Tax Adjustment -> NEW VALUE: Tax Adjustment
2026-04-28 08:40:20 - AFFECTED ROWS: 0
2026-04-28 08:40:22 - RECEIVED: ID=154, Field=remarks, Value=Tax Adjustment
2026-04-28 08:40:22 - CURRENT VALUE: Input Remarks -> NEW VALUE: Tax Adjustment
2026-04-28 08:40:22 - AFFECTED ROWS: 1
2026-04-28 08:40:45 - RECEIVED: ID=155, Field=date, Value=2026-04-24
2026-04-28 08:40:45 - CURRENT VALUE: 2026-04-28 -> NEW VALUE: 2026-04-24
2026-04-28 08:40:45 - AFFECTED ROWS: 1
2026-04-28 08:40:47 - RECEIVED: ID=155, Field=amount, Value=0.00
2026-04-28 08:40:47 - CURRENT VALUE: 0.00 -> NEW VALUE: 0.00
2026-04-28 08:40:47 - AFFECTED ROWS: 0
2026-04-28 08:40:51 - RECEIVED: ID=155, Field=amount, Value=518.55
2026-04-28 08:40:51 - CURRENT VALUE: 0.00 -> NEW VALUE: 518.55
2026-04-28 08:40:51 - AFFECTED ROWS: 1
2026-04-28 08:40:51 - RECEIVED: ID=136, Field=remarks, Value=Tax Adjustment
2026-04-28 08:40:51 - CURRENT VALUE: Tax Adjustment -> NEW VALUE: Tax Adjustment
2026-04-28 08:40:51 - AFFECTED ROWS: 0
2026-04-28 08:40:53 - RECEIVED: ID=155, Field=remarks, Value=Tax Adjustment
2026-04-28 08:40:53 - CURRENT VALUE: Input Remarks -> NEW VALUE: Tax Adjustment
2026-04-28 08:40:53 - AFFECTED ROWS: 1
2026-04-28 08:41:09 - RECEIVED: ID=156, Field=amount, Value=541.63
2026-04-28 08:41:09 - CURRENT VALUE: 0.00 -> NEW VALUE: 541.63
2026-04-28 08:41:09 - AFFECTED ROWS: 1
2026-04-28 08:41:10 - RECEIVED: ID=138, Field=remarks, Value=Tax Adjustment
2026-04-28 08:41:10 - CURRENT VALUE: Tax Adjustment -> NEW VALUE: Tax Adjustment
2026-04-28 08:41:10 - AFFECTED ROWS: 0
2026-04-28 08:41:11 - RECEIVED: ID=156, Field=remarks, Value=Tax Adjustment
2026-04-28 08:41:11 - CURRENT VALUE: Input Remarks -> NEW VALUE: Tax Adjustment
2026-04-28 08:41:11 - AFFECTED ROWS: 1
2026-04-28 08:41:13 - RECEIVED: ID=156, Field=date, Value=2026-04-24
2026-04-28 08:41:13 - CURRENT VALUE: 2026-04-28 -> NEW VALUE: 2026-04-24
2026-04-28 08:41:13 - AFFECTED ROWS: 1
2026-04-28 08:41:13 - RECEIVED: ID=156, Field=amount, Value=541.63
2026-04-28 08:41:13 - CURRENT VALUE: 541.63 -> NEW VALUE: 541.63
2026-04-28 08:41:13 - AFFECTED ROWS: 0
2026-04-28 08:41:13 - RECEIVED: ID=156, Field=remarks, Value=Tax Adjustment
2026-04-28 08:41:13 - CURRENT VALUE: Tax Adjustment -> NEW VALUE: Tax Adjustment
2026-04-28 08:41:13 - AFFECTED ROWS: 0
2026-04-28 08:41:16 - RECEIVED: ID=138, Field=date, Value=2026-03-23
2026-04-28 08:41:16 - CURRENT VALUE: 2026-03-23 -> NEW VALUE: 2026-03-23
2026-04-28 08:41:16 - AFFECTED ROWS: 0
2026-04-28 08:41:32 - RECEIVED: ID=157, Field=date, Value=2026-04-24
2026-04-28 08:41:32 - CURRENT VALUE: 2026-04-28 -> NEW VALUE: 2026-04-24
2026-04-28 08:41:32 - AFFECTED ROWS: 1
2026-04-28 08:41:36 - RECEIVED: ID=157, Field=amount, Value=7282.06
2026-04-28 08:41:36 - CURRENT VALUE: 0.00 -> NEW VALUE: 7282.06
2026-04-28 08:41:36 - AFFECTED ROWS: 1
2026-04-28 08:41:37 - RECEIVED: ID=157, Field=remarks, Value=Input Remarks
2026-04-28 08:41:37 - CURRENT VALUE: Input Remarks -> NEW VALUE: Input Remarks
2026-04-28 08:41:37 - AFFECTED ROWS: 0
2026-04-28 08:41:38 - RECEIVED: ID=140, Field=remarks, Value=Tax Adjustment
2026-04-28 08:41:38 - CURRENT VALUE: Tax Adjustment -> NEW VALUE: Tax Adjustment
2026-04-28 08:41:38 - AFFECTED ROWS: 0
2026-04-28 08:41:39 - RECEIVED: ID=157, Field=remarks, Value=Tax Adjustment
2026-04-28 08:41:39 - CURRENT VALUE: Input Remarks -> NEW VALUE: Tax Adjustment
2026-04-28 08:41:39 - AFFECTED ROWS: 1
2026-04-28 09:08:34 - RECEIVED: ID=158, Field=date, Value=2026-04-24
2026-04-28 09:08:34 - CURRENT VALUE: 2026-04-28 -> NEW VALUE: 2026-04-24
2026-04-28 09:08:34 - AFFECTED ROWS: 1
2026-04-28 09:08:35 - RECEIVED: ID=158, Field=amount, Value=0.00
2026-04-28 09:08:35 - CURRENT VALUE: 0.00 -> NEW VALUE: 0.00
2026-04-28 09:08:35 - AFFECTED ROWS: 0
2026-04-28 09:08:40 - RECEIVED: ID=158, Field=amount, Value=1486.45
2026-04-28 09:08:40 - CURRENT VALUE: 0.00 -> NEW VALUE: 1486.45
2026-04-28 09:08:40 - AFFECTED ROWS: 1
2026-04-28 09:08:55 - RECEIVED: ID=158, Field=remarks, Value=Extended paternity leave
2026-04-28 09:08:55 - CURRENT VALUE: Input Remarks -> NEW VALUE: Extended paternity leave
2026-04-28 09:08:55 - AFFECTED ROWS: 1
2026-04-29 05:30:13 - RECEIVED: ID=159, Field=date, Value=2026-04-24
2026-04-29 05:30:13 - CURRENT VALUE: 2026-04-29 -> NEW VALUE: 2026-04-24
2026-04-29 05:30:13 - AFFECTED ROWS: 1
2026-04-29 05:30:17 - RECEIVED: ID=159, Field=amount, Value=2000.00
2026-04-29 05:30:17 - CURRENT VALUE: 0.00 -> NEW VALUE: 2000.00
2026-04-29 05:30:17 - AFFECTED ROWS: 1
2026-04-29 05:30:23 - RECEIVED: ID=159, Field=remarks, Value=Maternity
2026-04-29 05:30:23 - CURRENT VALUE: Input Remarks -> NEW VALUE: Maternity
2026-04-29 05:30:23 - AFFECTED ROWS: 1
2026-04-29 05:30:39 - RECEIVED: ID=159, Field=remarks, Value=Maternity Leave
2026-04-29 05:30:39 - CURRENT VALUE: Maternity -> NEW VALUE: Maternity Leave
2026-04-29 05:30:39 - AFFECTED ROWS: 1
2026-04-29 05:33:16 - RECEIVED: ID=160, Field=date, Value=2026-04-24
2026-04-29 05:33:16 - CURRENT VALUE: 2026-04-29 -> NEW VALUE: 2026-04-24
2026-04-29 05:33:16 - AFFECTED ROWS: 1
2026-04-29 05:33:25 - RECEIVED: ID=160, Field=amount, Value=1769.32
2026-04-29 05:33:25 - CURRENT VALUE: 0.00 -> NEW VALUE: 1769.32
2026-04-29 05:33:25 - AFFECTED ROWS: 1
2026-04-29 05:33:31 - RECEIVED: ID=160, Field=remarks, Value=Maternity Leave
2026-04-29 05:33:31 - CURRENT VALUE: Input Remarks -> NEW VALUE: Maternity Leave
2026-04-29 05:33:31 - AFFECTED ROWS: 1
2026-05-12 11:28:30 - RECEIVED: ID=161, Field=amount, Value=0.00
2026-05-12 11:28:30 - CURRENT VALUE: 0.00 -> NEW VALUE: 0.00
2026-05-12 11:28:30 - AFFECTED ROWS: 0
2026-05-12 11:28:47 - RECEIVED: ID=161, Field=amount, Value=1083.27
2026-05-12 11:28:47 - CURRENT VALUE: 0.00 -> NEW VALUE: 1083.27
2026-05-12 11:28:47 - AFFECTED ROWS: 1
2026-05-12 11:29:11 - RECEIVED: ID=162, Field=amount, Value=0.00
2026-05-12 11:29:11 - CURRENT VALUE: 0.00 -> NEW VALUE: 0.00
2026-05-12 11:29:11 - AFFECTED ROWS: 0
2026-05-12 11:29:20 - RECEIVED: ID=162, Field=amount, Value=1037.06
2026-05-12 11:29:20 - CURRENT VALUE: 0.00 -> NEW VALUE: 1037.06
2026-05-12 11:29:20 - AFFECTED ROWS: 1
2026-05-13 07:29:24 - RECEIVED: ID=164, Field=date, Value=2026-05-01
2026-05-13 07:29:24 - CURRENT VALUE: 2026-05-13 -> NEW VALUE: 2026-05-01
2026-05-13 07:29:24 - AFFECTED ROWS: 1
2026-05-13 07:29:30 - RECEIVED: ID=164, Field=amount, Value=3044.50
2026-05-13 07:29:30 - CURRENT VALUE: 0.00 -> NEW VALUE: 3044.50
2026-05-13 07:29:30 - AFFECTED ROWS: 1
2026-05-13 07:29:31 - RECEIVED: ID=164, Field=remarks, Value=Input Remarks
2026-05-13 07:29:31 - CURRENT VALUE: Input Remarks -> NEW VALUE: Input Remarks
2026-05-13 07:29:31 - AFFECTED ROWS: 0
2026-05-13 07:29:33 - RECEIVED: ID=134, Field=remarks, Value=Tax Adjustment
2026-05-13 07:29:33 - CURRENT VALUE: Tax Adjustment -> NEW VALUE: Tax Adjustment
2026-05-13 07:29:33 - AFFECTED ROWS: 0
2026-05-13 07:29:37 - RECEIVED: ID=164, Field=remarks, Value=Tax Adjustment
2026-05-13 07:29:37 - CURRENT VALUE: Input Remarks -> NEW VALUE: Tax Adjustment
2026-05-13 07:29:37 - AFFECTED ROWS: 1
2026-05-13 07:30:13 - RECEIVED: ID=165, Field=date, Value=2026-05-01
2026-05-13 07:30:13 - CURRENT VALUE: 2026-05-13 -> NEW VALUE: 2026-05-01
2026-05-13 07:30:13 - AFFECTED ROWS: 1
2026-05-13 07:30:16 - RECEIVED: ID=165, Field=date, Value=2026-05-01
2026-05-13 07:30:16 - CURRENT VALUE: 2026-05-01 -> NEW VALUE: 2026-05-01
2026-05-13 07:30:16 - AFFECTED ROWS: 0
2026-05-13 07:30:17 - RECEIVED: ID=165, Field=amount, Value=1.00
2026-05-13 07:30:17 - CURRENT VALUE: 0.00 -> NEW VALUE: 1.00
2026-05-13 07:30:17 - AFFECTED ROWS: 1
2026-05-13 07:30:18 - RECEIVED: ID=165, Field=remarks, Value=Input Remarks
2026-05-13 07:30:18 - CURRENT VALUE: Input Remarks -> NEW VALUE: Input Remarks
2026-05-13 07:30:18 - AFFECTED ROWS: 0
2026-05-13 07:30:26 - RECEIVED: ID=165, Field=amount, Value=1037.06
2026-05-13 07:30:26 - CURRENT VALUE: 1.00 -> NEW VALUE: 1037.06
2026-05-13 07:30:26 - AFFECTED ROWS: 1
2026-05-13 07:30:33 - RECEIVED: ID=165, Field=remarks, Value=sRemarks
2026-05-13 07:30:33 - CURRENT VALUE: Input Remarks -> NEW VALUE: sRemarks
2026-05-13 07:30:33 - AFFECTED ROWS: 1
2026-05-13 07:30:34 - RECEIVED: ID=136, Field=remarks, Value=Tax Adjustment
2026-05-13 07:30:34 - CURRENT VALUE: Tax Adjustment -> NEW VALUE: Tax Adjustment
2026-05-13 07:30:34 - AFFECTED ROWS: 0
2026-05-13 07:30:36 - RECEIVED: ID=165, Field=remarks, Value=Tax Adjustment
2026-05-13 07:30:36 - CURRENT VALUE: sRemarks -> NEW VALUE: Tax Adjustment
2026-05-13 07:30:36 - AFFECTED ROWS: 1
2026-05-13 07:31:15 - RECEIVED: ID=166, Field=date, Value=2026-05-01
2026-05-13 07:31:15 - CURRENT VALUE: 2026-05-13 -> NEW VALUE: 2026-05-01
2026-05-13 07:31:15 - AFFECTED ROWS: 1
2026-05-13 07:31:18 - RECEIVED: ID=166, Field=amount, Value=0.00
2026-05-13 07:31:18 - CURRENT VALUE: 0.00 -> NEW VALUE: 0.00
2026-05-13 07:31:18 - AFFECTED ROWS: 0
2026-05-13 07:32:10 - RECEIVED: ID=166, Field=amount, Value=0.00
2026-05-13 07:32:10 - CURRENT VALUE: 0.00 -> NEW VALUE: 0.00
2026-05-13 07:32:10 - AFFECTED ROWS: 0
2026-05-13 07:32:18 - RECEIVED: ID=166, Field=date, Value=2026-05-01
2026-05-13 07:32:18 - CURRENT VALUE: 2026-05-01 -> NEW VALUE: 2026-05-01
2026-05-13 07:32:18 - AFFECTED ROWS: 0
2026-05-13 07:32:22 - RECEIVED: ID=166, Field=amount, Value=7282.06
2026-05-13 07:32:22 - CURRENT VALUE: 0.00 -> NEW VALUE: 7282.06
2026-05-13 07:32:22 - AFFECTED ROWS: 1
2026-05-13 07:32:59 - RECEIVED: ID=166, Field=remarks, Value=Tax Adjustment
2026-05-13 07:32:59 - CURRENT VALUE: Input Remarks -> NEW VALUE: Tax Adjustment
2026-05-13 07:32:59 - AFFECTED ROWS: 1
2026-05-13 07:33:21 - RECEIVED: ID=167, Field=amount, Value=1083.27
2026-05-13 07:33:21 - CURRENT VALUE: 0.00 -> NEW VALUE: 1083.27
2026-05-13 07:33:21 - AFFECTED ROWS: 1
2026-05-13 07:33:23 - RECEIVED: ID=167, Field=date, Value=2026-05-01
2026-05-13 07:33:23 - CURRENT VALUE: 2026-05-13 -> NEW VALUE: 2026-05-01
2026-05-13 07:33:23 - AFFECTED ROWS: 1
2026-05-13 07:33:24 - RECEIVED: ID=167, Field=remarks, Value=Input Remarks
2026-05-13 07:33:24 - CURRENT VALUE: Input Remarks -> NEW VALUE: Input Remarks
2026-05-13 07:33:24 - AFFECTED ROWS: 0
2026-05-13 07:33:25 - RECEIVED: ID=138, Field=remarks, Value=Tax Adjustment
2026-05-13 07:33:25 - CURRENT VALUE: Tax Adjustment -> NEW VALUE: Tax Adjustment
2026-05-13 07:33:25 - AFFECTED ROWS: 0
2026-05-13 07:33:29 - RECEIVED: ID=167, Field=remarks, Value=Tax Adjustment
2026-05-13 07:33:29 - CURRENT VALUE: Input Remarks -> NEW VALUE: Tax Adjustment
2026-05-13 07:33:29 - AFFECTED ROWS: 1
2026-05-13 07:33:49 - RECEIVED: ID=166, Field=remarks, Value=Tax Adjustment
2026-05-13 07:33:49 - CURRENT VALUE: Tax Adjustment -> NEW VALUE: Tax Adjustment
2026-05-13 07:33:49 - AFFECTED ROWS: 0
2026-05-13 07:33:51 - RECEIVED: ID=166, Field=remarks, Value=Tax Adjustment
2026-05-13 07:33:51 - CURRENT VALUE: Tax Adjustment -> NEW VALUE: Tax Adjustment
2026-05-13 07:33:51 - AFFECTED ROWS: 0
2026-05-13 09:50:46 - RECEIVED: ID=168, Field=date, Value=2026-05-01
2026-05-13 09:50:46 - CURRENT VALUE: 2026-05-13 -> NEW VALUE: 2026-05-01
2026-05-13 09:50:46 - AFFECTED ROWS: 1
2026-05-13 09:50:56 - RECEIVED: ID=168, Field=amount, Value=630.00
2026-05-13 09:50:56 - CURRENT VALUE: 0.00 -> NEW VALUE: 630.00
2026-05-13 09:50:56 - AFFECTED ROWS: 1
2026-05-13 09:51:02 - RECEIVED: ID=168, Field=remarks, Value=Unpaid Leave
2026-05-13 09:51:02 - CURRENT VALUE: Input Remarks -> NEW VALUE: Unpaid Leave
2026-05-13 09:51:02 - AFFECTED ROWS: 1
2026-05-13 12:20:06 - RECEIVED: ID=169, Field=date, Value=2026-05-01
2026-05-13 12:20:06 - CURRENT VALUE: 2026-05-13 -> NEW VALUE: 2026-05-01
2026-05-13 12:20:06 - AFFECTED ROWS: 1
2026-05-13 12:20:19 - RECEIVED: ID=169, Field=amount, Value=2680.56
2026-05-13 12:20:19 - CURRENT VALUE: 0.00 -> NEW VALUE: 2680.56
2026-05-13 12:20:19 - AFFECTED ROWS: 1
2026-05-13 12:20:34 - RECEIVED: ID=169, Field=remarks, Value=Return from maternity
2026-05-13 12:20:34 - CURRENT VALUE: Input Remarks -> NEW VALUE: Return from maternity
2026-05-13 12:20:34 - AFFECTED ROWS: 1
2026-05-13 12:26:50 - RECEIVED: ID=170, Field=date, Value=2026-05-01
2026-05-13 12:26:50 - CURRENT VALUE: 2026-05-13 -> NEW VALUE: 2026-05-01
2026-05-13 12:26:50 - AFFECTED ROWS: 1
2026-05-13 12:27:02 - RECEIVED: ID=170, Field=amount, Value=4.54
2026-05-13 12:27:02 - CURRENT VALUE: 0.00 -> NEW VALUE: 4.54
2026-05-13 12:27:02 - AFFECTED ROWS: 1
2026-05-13 12:27:27 - RECEIVED: ID=170, Field=remarks, Value=OT Salary Adjustment
2026-05-13 12:27:27 - CURRENT VALUE: Input Remarks -> NEW VALUE: OT Salary Adjustment
2026-05-13 12:27:27 - AFFECTED ROWS: 1
2026-05-13 12:31:34 - RECEIVED: ID=171, Field=date, Value=2026-05-01
2026-05-13 12:31:34 - CURRENT VALUE: 2026-05-13 -> NEW VALUE: 2026-05-01
2026-05-13 12:31:34 - AFFECTED ROWS: 1
2026-05-13 12:31:38 - RECEIVED: ID=171, Field=amount, Value=10.17
2026-05-13 12:31:38 - CURRENT VALUE: 0.00 -> NEW VALUE: 10.17
2026-05-13 12:31:38 - AFFECTED ROWS: 1
2026-05-13 12:32:15 - RECEIVED: ID=171, Field=remarks, Value=OT Salary Adjustment
2026-05-13 12:32:16 - CURRENT VALUE: Input Remarks -> NEW VALUE: OT Salary Adjustment
2026-05-13 12:32:16 - AFFECTED ROWS: 1
2026-05-13 12:32:51 - RECEIVED: ID=171, Field=remarks, Value=Old Salary Rate
2026-05-13 12:32:51 - CURRENT VALUE: OT Salary Adjustment -> NEW VALUE: Old Salary Rate
2026-05-13 12:32:51 - AFFECTED ROWS: 1
2026-05-14 03:29:29 - RECEIVED: ID=172, Field=date, Value=2026-05-01
2026-05-14 03:29:29 - CURRENT VALUE: 2026-05-14 -> NEW VALUE: 2026-05-01
2026-05-14 03:29:29 - AFFECTED ROWS: 1
2026-05-14 03:29:31 - RECEIVED: ID=172, Field=amount, Value=231.82
2026-05-14 03:29:31 - CURRENT VALUE: 0.00 -> NEW VALUE: 231.82
2026-05-14 03:29:31 - AFFECTED ROWS: 1
2026-05-14 03:29:46 - RECEIVED: ID=172, Field=remarks, Value=OT Salary Adjustment
2026-05-14 03:29:46 - CURRENT VALUE: Input Remarks -> NEW VALUE: OT Salary Adjustment
2026-05-14 03:29:46 - AFFECTED ROWS: 1
2026-05-28 04:28:50 - RECEIVED: ID=174, Field=date, Value=2026-05-24
2026-05-28 04:28:50 - CURRENT VALUE: 2026-05-28 -> NEW VALUE: 2026-05-24
2026-05-28 04:28:50 - AFFECTED ROWS: 1
2026-05-28 04:28:54 - RECEIVED: ID=174, Field=amount, Value=335.08
2026-05-28 04:28:54 - CURRENT VALUE: 0.00 -> NEW VALUE: 335.08
2026-05-28 04:28:54 - AFFECTED ROWS: 1
2026-05-28 04:29:01 - RECEIVED: ID=174, Field=remarks, Value=Under TIme
2026-05-28 04:29:01 - CURRENT VALUE: Input Remarks -> NEW VALUE: Under TIme
2026-05-28 04:29:01 - AFFECTED ROWS: 1
2026-05-28 04:32:35 - RECEIVED: ID=173, Field=date, Value=2026-05-24
2026-05-28 04:32:35 - CURRENT VALUE: 2026-05-25 -> NEW VALUE: 2026-05-24
2026-05-28 04:32:35 - AFFECTED ROWS: 1
2026-05-28 04:32:44 - RECEIVED: ID=173, Field=amount, Value=655.64
2026-05-28 04:32:44 - CURRENT VALUE: 0.00 -> NEW VALUE: 655.64
2026-05-28 04:32:44 - AFFECTED ROWS: 1
2026-05-28 04:32:57 - RECEIVED: ID=173, Field=remarks, Value=Salary Adjustment (reg)
2026-05-28 04:32:57 - CURRENT VALUE: Input Remarks -> NEW VALUE: Salary Adjustment (reg)
2026-05-28 04:32:57 - AFFECTED ROWS: 1
2026-05-28 10:00:50 - RECEIVED: ID=175, Field=date, Value=2026-05-24
2026-05-28 10:00:50 - CURRENT VALUE: 2026-05-28 -> NEW VALUE: 2026-05-24
2026-05-28 10:00:50 - AFFECTED ROWS: 1
2026-05-28 10:00:52 - RECEIVED: ID=134, Field=amount, Value=3044.50
2026-05-28 10:00:52 - CURRENT VALUE: 3044.50 -> NEW VALUE: 3044.50
2026-05-28 10:00:52 - AFFECTED ROWS: 0
2026-05-28 10:00:54 - RECEIVED: ID=175, Field=amount, Value=3044.50
2026-05-28 10:00:54 - CURRENT VALUE: 0.00 -> NEW VALUE: 3044.50
2026-05-28 10:00:54 - AFFECTED ROWS: 1
2026-05-28 10:00:55 - RECEIVED: ID=134, Field=remarks, Value=Tax Adjustment
2026-05-28 10:00:55 - CURRENT VALUE: Tax Adjustment -> NEW VALUE: Tax Adjustment
2026-05-28 10:00:55 - AFFECTED ROWS: 0
2026-05-28 10:00:58 - RECEIVED: ID=175, Field=remarks, Value=Tax Adjustment
2026-05-28 10:00:58 - CURRENT VALUE: Input Remarks -> NEW VALUE: Tax Adjustment
2026-05-28 10:00:58 - AFFECTED ROWS: 1
2026-05-28 10:01:28 - RECEIVED: ID=176, Field=date, Value=2026-05-24
2026-05-28 10:01:28 - CURRENT VALUE: 2026-05-28 -> NEW VALUE: 2026-05-24
2026-05-28 10:01:28 - AFFECTED ROWS: 1
2026-05-28 10:01:29 - RECEIVED: ID=140, Field=amount, Value=7282.06
2026-05-28 10:01:29 - CURRENT VALUE: 7282.06 -> NEW VALUE: 7282.06
2026-05-28 10:01:29 - AFFECTED ROWS: 0
2026-05-28 10:01:30 - RECEIVED: ID=176, Field=amount, Value=7282.06
2026-05-28 10:01:30 - CURRENT VALUE: 0.00 -> NEW VALUE: 7282.06
2026-05-28 10:01:30 - AFFECTED ROWS: 1
2026-05-28 10:01:31 - RECEIVED: ID=140, Field=remarks, Value=Tax Adjustment
2026-05-28 10:01:31 - CURRENT VALUE: Tax Adjustment -> NEW VALUE: Tax Adjustment
2026-05-28 10:01:31 - AFFECTED ROWS: 0
2026-05-28 10:01:33 - RECEIVED: ID=176, Field=remarks, Value=Tax Adjustment
2026-05-28 10:01:33 - CURRENT VALUE: Input Remarks -> NEW VALUE: Tax Adjustment
2026-05-28 10:01:33 - AFFECTED ROWS: 1
2026-05-28 10:03:25 - RECEIVED: ID=162, Field=date, Value=2026-05-12
2026-05-28 10:03:25 - CURRENT VALUE: 2026-05-12 -> NEW VALUE: 2026-05-12
2026-05-28 10:03:25 - AFFECTED ROWS: 0
2026-05-28 10:17:06 - RECEIVED: ID=174, Field=amount, Value=335.08
2026-05-28 10:17:06 - CURRENT VALUE: 335.08 -> NEW VALUE: 335.08
2026-05-28 10:17:06 - AFFECTED ROWS: 0
2026-05-28 10:39:27 - RECEIVED: ID=177, Field=date, Value=2026-05-24
2026-05-28 10:39:27 - CURRENT VALUE: 2026-05-28 -> NEW VALUE: 2026-05-24
2026-05-28 10:39:27 - AFFECTED ROWS: 1
2026-05-28 10:39:28 - RECEIVED: ID=160, Field=amount, Value=1769.32
2026-05-28 10:39:28 - CURRENT VALUE: 1769.32 -> NEW VALUE: 1769.32
2026-05-28 10:39:28 - AFFECTED ROWS: 0
2026-05-28 10:39:30 - RECEIVED: ID=177, Field=amount, Value=1769.32
2026-05-28 10:39:30 - CURRENT VALUE: 0.00 -> NEW VALUE: 1769.32
2026-05-28 10:39:30 - AFFECTED ROWS: 1
2026-05-28 10:39:30 - RECEIVED: ID=160, Field=remarks, Value=Maternity Leave
2026-05-28 10:39:30 - CURRENT VALUE: Maternity Leave -> NEW VALUE: Maternity Leave
2026-05-28 10:39:30 - AFFECTED ROWS: 0
2026-05-28 10:39:32 - RECEIVED: ID=177, Field=remarks, Value=Maternity Leave
2026-05-28 10:39:32 - CURRENT VALUE: Input Remarks -> NEW VALUE: Maternity Leave
2026-05-28 10:39:32 - AFFECTED ROWS: 1
2026-06-12 15:09:34 - RECEIVED: ID=178, Field=date, Value=2026-06-01
2026-06-12 15:09:34 - CURRENT VALUE: 2026-06-12 -> NEW VALUE: 2026-06-01
2026-06-12 15:09:34 - AFFECTED ROWS: 1
2026-06-12 15:09:35 - RECEIVED: ID=178, Field=amount, Value=0.00
2026-06-12 15:09:35 - CURRENT VALUE: 0.00 -> NEW VALUE: 0.00
2026-06-12 15:09:35 - AFFECTED ROWS: 0
2026-06-12 15:09:36 - RECEIVED: ID=134, Field=amount, Value=3044.50
2026-06-12 15:09:36 - CURRENT VALUE: 3044.50 -> NEW VALUE: 3044.50
2026-06-12 15:09:36 - AFFECTED ROWS: 0
2026-06-12 15:09:38 - RECEIVED: ID=178, Field=amount, Value=3044.50
2026-06-12 15:09:38 - CURRENT VALUE: 0.00 -> NEW VALUE: 3044.50
2026-06-12 15:09:38 - AFFECTED ROWS: 1
2026-06-12 15:09:39 - RECEIVED: ID=134, Field=remarks, Value=Tax Adjustment
2026-06-12 15:09:39 - CURRENT VALUE: Tax Adjustment -> NEW VALUE: Tax Adjustment
2026-06-12 15:09:39 - AFFECTED ROWS: 0
2026-06-12 15:09:43 - RECEIVED: ID=178, Field=remarks, Value=Tax Adjustment
2026-06-12 15:09:43 - CURRENT VALUE: Input Remarks -> NEW VALUE: Tax Adjustment
2026-06-12 15:09:43 - AFFECTED ROWS: 1
2026-06-12 15:10:38 - RECEIVED: ID=179, Field=amount, Value=7.00
2026-06-12 15:10:38 - CURRENT VALUE: 0.00 -> NEW VALUE: 7.00
2026-06-12 15:10:38 - AFFECTED ROWS: 1
2026-06-12 15:10:39 - RECEIVED: ID=179, Field=amount, Value=7.00
2026-06-12 15:10:39 - CURRENT VALUE: 7.00 -> NEW VALUE: 7.00
2026-06-12 15:10:39 - AFFECTED ROWS: 0
2026-06-12 15:10:40 - RECEIVED: ID=179, Field=date, Value=2026-06-12
2026-06-12 15:10:40 - CURRENT VALUE: 2026-06-12 -> NEW VALUE: 2026-06-12
2026-06-12 15:10:40 - AFFECTED ROWS: 0
2026-06-12 15:10:40 - RECEIVED: ID=179, Field=date, Value=2026-06-12
2026-06-12 15:10:40 - CURRENT VALUE: 2026-06-12 -> NEW VALUE: 2026-06-12
2026-06-12 15:10:40 - AFFECTED ROWS: 0
2026-06-12 15:10:47 - RECEIVED: ID=179, Field=amount, Value=7282.06
2026-06-12 15:10:47 - CURRENT VALUE: 7.00 -> NEW VALUE: 7282.06
2026-06-12 15:10:47 - AFFECTED ROWS: 1
2026-06-12 15:10:47 - RECEIVED: ID=179, Field=amount, Value=7282.06
2026-06-12 15:10:47 - CURRENT VALUE: 7282.06 -> NEW VALUE: 7282.06
2026-06-12 15:10:47 - AFFECTED ROWS: 0
2026-06-12 15:10:51 - RECEIVED: ID=179, Field=date, Value=2026-06-01
2026-06-12 15:10:51 - CURRENT VALUE: 2026-06-12 -> NEW VALUE: 2026-06-01
2026-06-12 15:10:51 - AFFECTED ROWS: 1
2026-06-12 15:10:51 - RECEIVED: ID=179, Field=date, Value=2026-06-01
2026-06-12 15:10:51 - CURRENT VALUE: 2026-06-01 -> NEW VALUE: 2026-06-01
2026-06-12 15:10:51 - AFFECTED ROWS: 0
2026-06-12 15:10:52 - RECEIVED: ID=140, Field=remarks, Value=Tax Adjustment
2026-06-12 15:10:52 - CURRENT VALUE: Tax Adjustment -> NEW VALUE: Tax Adjustment
2026-06-12 15:10:52 - AFFECTED ROWS: 0
2026-06-12 15:10:52 - RECEIVED: ID=140, Field=remarks, Value=Tax Adjustment
2026-06-12 15:10:52 - CURRENT VALUE: Tax Adjustment -> NEW VALUE: Tax Adjustment
2026-06-12 15:10:52 - AFFECTED ROWS: 0
2026-06-12 15:10:53 - RECEIVED: ID=179, Field=remarks, Value=Tax Adjustment
2026-06-12 15:10:53 - CURRENT VALUE: Input Remarks -> NEW VALUE: Tax Adjustment
2026-06-12 15:10:53 - AFFECTED ROWS: 1
2026-06-12 15:10:53 - RECEIVED: ID=179, Field=remarks, Value=Tax Adjustment
2026-06-12 15:10:53 - CURRENT VALUE: Tax Adjustment -> NEW VALUE: Tax Adjustment
2026-06-12 15:10:53 - AFFECTED ROWS: 0
2026-06-12 15:10:57 - RECEIVED: ID=179, Field=date, Value=2026-06-01
2026-06-12 15:10:57 - CURRENT VALUE: 2026-06-01 -> NEW VALUE: 2026-06-01
2026-06-12 15:10:57 - AFFECTED ROWS: 0
2026-06-12 15:10:57 - RECEIVED: ID=179, Field=date, Value=2026-06-01
2026-06-12 15:10:57 - CURRENT VALUE: 2026-06-01 -> NEW VALUE: 2026-06-01
2026-06-12 15:10:57 - AFFECTED ROWS: 0
2026-06-12 15:11:16 - RECEIVED: ID=179, Field=amount, Value=7282.06
2026-06-12 15:11:16 - CURRENT VALUE: 7282.06 -> NEW VALUE: 7282.06
2026-06-12 15:11:16 - AFFECTED ROWS: 0
2026-06-13 03:05:47 - RECEIVED: ID=180, Field=date, Value=2026-06-01
2026-06-13 03:05:47 - CURRENT VALUE: 2026-06-13 -> NEW VALUE: 2026-06-01
2026-06-13 03:05:47 - AFFECTED ROWS: 1
2026-06-13 03:05:47 - RECEIVED: ID=180, Field=date, Value=2026-06-01
2026-06-13 03:05:47 - CURRENT VALUE: 2026-06-01 -> NEW VALUE: 2026-06-01
2026-06-13 03:05:47 - AFFECTED ROWS: 0
2026-06-13 03:05:51 - RECEIVED: ID=180, Field=amount, Value=374.45
2026-06-13 03:05:51 - CURRENT VALUE: 0.00 -> NEW VALUE: 374.45
2026-06-13 03:05:51 - AFFECTED ROWS: 1
2026-06-13 03:05:51 - RECEIVED: ID=180, Field=amount, Value=374.45
2026-06-13 03:05:51 - CURRENT VALUE: 374.45 -> NEW VALUE: 374.45
2026-06-13 03:05:51 - AFFECTED ROWS: 0
2026-06-13 03:06:11 - RECEIVED: ID=180, Field=remarks, Value=Regularization Adjustment
2026-06-13 03:06:11 - CURRENT VALUE: Input Remarks -> NEW VALUE: Regularization Adjustment
2026-06-13 03:06:11 - AFFECTED ROWS: 1
2026-06-13 03:06:11 - RECEIVED: ID=180, Field=remarks, Value=Regularization Adjustment
2026-06-13 03:06:11 - CURRENT VALUE: Regularization Adjustment -> NEW VALUE: Regularization Adjustment
2026-06-13 03:06:11 - AFFECTED ROWS: 0
2026-06-13 03:06:34 - RECEIVED: ID=180, Field=remarks, Value=Regular Adjustment
2026-06-13 03:06:34 - CURRENT VALUE: Regularization Adjustment -> NEW VALUE: Regular Adjustment
2026-06-13 03:06:34 - AFFECTED ROWS: 1
2026-06-13 03:06:34 - RECEIVED: ID=180, Field=remarks, Value=Regular Adjustment
2026-06-13 03:06:34 - CURRENT VALUE: Regular Adjustment -> NEW VALUE: Regular Adjustment
2026-06-13 03:06:34 - AFFECTED ROWS: 0
2026-06-13 03:11:05 - RECEIVED: ID=181, Field=date, Value=2026-06-01
2026-06-13 03:11:05 - CURRENT VALUE: 2026-06-13 -> NEW VALUE: 2026-06-01
2026-06-13 03:11:05 - AFFECTED ROWS: 1
2026-06-13 03:11:07 - RECEIVED: ID=181, Field=amount, Value=820.93
2026-06-13 03:11:07 - CURRENT VALUE: 0.00 -> NEW VALUE: 820.93
2026-06-13 03:11:07 - AFFECTED ROWS: 1
2026-06-13 03:11:15 - RECEIVED: ID=181, Field=remarks, Value=Employee Loan
2026-06-13 03:11:15 - CURRENT VALUE: Input Remarks -> NEW VALUE: Employee Loan
2026-06-13 03:11:15 - AFFECTED ROWS: 1
2026-06-13 03:13:54 - RECEIVED: ID=182, Field=date, Value=2026-06-01
2026-06-13 03:13:54 - CURRENT VALUE: 2026-06-13 -> NEW VALUE: 2026-06-01
2026-06-13 03:13:54 - AFFECTED ROWS: 1
2026-06-13 03:13:58 - RECEIVED: ID=182, Field=amount, Value=4432.92
2026-06-13 03:13:58 - CURRENT VALUE: 0.00 -> NEW VALUE: 4432.92
2026-06-13 03:13:58 - AFFECTED ROWS: 1
2026-06-13 03:14:07 - RECEIVED: ID=182, Field=remarks, Value=Absent Adjustment
2026-06-13 03:14:07 - CURRENT VALUE: Input Remarks -> NEW VALUE: Absent Adjustment
2026-06-13 03:14:07 - AFFECTED ROWS: 1
2026-06-13 04:13:29 - RECEIVED: ID=183, Field=date, Value=2026-06-01
2026-06-13 04:13:29 - CURRENT VALUE: 2026-06-13 -> NEW VALUE: 2026-06-01
2026-06-13 04:13:29 - AFFECTED ROWS: 1
2026-06-13 04:13:31 - RECEIVED: ID=183, Field=amount, Value=136.82
2026-06-13 04:13:31 - CURRENT VALUE: 0.00 -> NEW VALUE: 136.82
2026-06-13 04:13:31 - AFFECTED ROWS: 1
2026-06-13 04:13:39 - RECEIVED: ID=183, Field=remarks, Value=Absent Adjustment
2026-06-13 04:13:39 - CURRENT VALUE: Input Remarks -> NEW VALUE: Absent Adjustment
2026-06-13 04:13:39 - AFFECTED ROWS: 1
2026-06-16 02:00:05 - RECEIVED: ID=180, Field=amount, Value=374.45
2026-06-16 02:00:05 - CURRENT VALUE: 374.45 -> NEW VALUE: 374.45
2026-06-16 02:00:05 - AFFECTED ROWS: 0
2026-06-16 02:00:13 - RECEIVED: ID=180, Field=amount, Value=374.45
2026-06-16 02:00:13 - CURRENT VALUE: 374.45 -> NEW VALUE: 374.45
2026-06-16 02:00:13 - AFFECTED ROWS: 0
2026-06-16 02:00:54 - RECEIVED: ID=180, Field=amount, Value=0.00
2026-06-16 02:00:54 - CURRENT VALUE: 374.45 -> NEW VALUE: 0.00
2026-06-16 02:00:54 - AFFECTED ROWS: 1
2026-06-23 09:52:37 - RECEIVED: ID=180, Field=amount, Value=2.00
2026-06-23 09:52:37 - CURRENT VALUE: 0.00 -> NEW VALUE: 2.00
2026-06-23 09:52:37 - AFFECTED ROWS: 1
2026-06-23 09:52:39 - RECEIVED: ID=180, Field=remarks, Value=asd
2026-06-23 09:52:39 - CURRENT VALUE: Regular Adjustment -> NEW VALUE: asd
2026-06-23 09:52:39 - AFFECTED ROWS: 1
2026-06-23 09:52:48 - RECEIVED: ID=180, Field=date, Value=2026-06-23
2026-06-23 09:52:48 - CURRENT VALUE: 2026-06-01 -> NEW VALUE: 2026-06-23
2026-06-23 09:52:48 - AFFECTED ROWS: 1
2026-06-29 08:11:52 - RECEIVED: ID=185, Field=date, Value=2026-06-24
2026-06-29 08:11:52 - CURRENT VALUE: 2026-06-29 -> NEW VALUE: 2026-06-24
2026-06-29 08:11:52 - AFFECTED ROWS: 1
2026-06-29 08:11:58 - RECEIVED: ID=185, Field=amount, Value=257.01
2026-06-29 08:11:58 - CURRENT VALUE: 0.00 -> NEW VALUE: 257.01
2026-06-29 08:11:58 - AFFECTED ROWS: 1
2026-06-29 08:12:09 - RECEIVED: ID=185, Field=remarks, Value=Undertime Adjustment
2026-06-29 08:12:09 - CURRENT VALUE: Input Remarks -> NEW VALUE: Undertime Adjustment
2026-06-29 08:12:09 - AFFECTED ROWS: 1
2026-06-29 08:15:27 - RECEIVED: ID=186, Field=date, Value=2026-06-24
2026-06-29 08:15:27 - CURRENT VALUE: 2026-06-29 -> NEW VALUE: 2026-06-24
2026-06-29 08:15:27 - AFFECTED ROWS: 1
2026-06-29 08:15:29 - RECEIVED: ID=186, Field=amount, Value=0.00
2026-06-29 08:15:29 - CURRENT VALUE: 0.00 -> NEW VALUE: 0.00
2026-06-29 08:15:29 - AFFECTED ROWS: 0
2026-06-29 08:16:17 - RECEIVED: ID=186, Field=amount, Value=0.00
2026-06-29 08:16:17 - CURRENT VALUE: 0.00 -> NEW VALUE: 0.00
2026-06-29 08:16:17 - AFFECTED ROWS: 0
2026-06-29 08:16:39 - RECEIVED: ID=186, Field=amount, Value=0.00
2026-06-29 08:16:39 - CURRENT VALUE: 0.00 -> NEW VALUE: 0.00
2026-06-29 08:16:39 - AFFECTED ROWS: 0
2026-06-29 08:17:10 - RECEIVED: ID=184, Field=date, Value=2026-06-24
2026-06-29 08:17:10 - CURRENT VALUE: 2026-06-23 -> NEW VALUE: 2026-06-24
2026-06-29 08:17:10 - AFFECTED ROWS: 1
2026-06-29 08:17:14 - RECEIVED: ID=184, Field=amount, Value=363.10
2026-06-29 08:17:14 - CURRENT VALUE: 0.00 -> NEW VALUE: 363.10
2026-06-29 08:17:14 - AFFECTED ROWS: 1
2026-06-29 08:17:26 - RECEIVED: ID=184, Field=remarks, Value=Salary Adjustment June 9-10
2026-06-29 08:17:26 - CURRENT VALUE: Input Remarks -> NEW VALUE: Salary Adjustment June 9-10
2026-06-29 08:17:26 - AFFECTED ROWS: 1
2026-06-29 08:18:12 - RECEIVED: ID=184, Field=amount, Value=363.10
2026-06-29 08:18:12 - CURRENT VALUE: 363.10 -> NEW VALUE: 363.10
2026-06-29 08:18:12 - AFFECTED ROWS: 0
2026-06-29 08:21:13 - RECEIVED: ID=188, Field=date, Value=2026-06-24
2026-06-29 08:21:13 - CURRENT VALUE: 2026-06-29 -> NEW VALUE: 2026-06-24
2026-06-29 08:21:13 - AFFECTED ROWS: 1
2026-06-29 08:21:15 - RECEIVED: ID=188, Field=amount, Value=6649.36
2026-06-29 08:21:15 - CURRENT VALUE: 0.00 -> NEW VALUE: 6649.36
2026-06-29 08:21:15 - AFFECTED ROWS: 1
2026-06-29 08:21:20 - RECEIVED: ID=188, Field=remarks, Value=Input Remarks
2026-06-29 08:21:20 - CURRENT VALUE: Input Remarks -> NEW VALUE: Input Remarks
2026-06-29 08:21:20 - AFFECTED ROWS: 0
2026-06-29 08:21:28 - RECEIVED: ID=188, Field=remarks, Value=Unpaid Leave - Bed
  Rest
2026-06-29 08:21:28 - CURRENT VALUE: Input Remarks -> NEW VALUE: Unpaid Leave - Bed
  Rest
2026-06-29 08:21:28 - AFFECTED ROWS: 1
2026-06-29 08:23:13 - RECEIVED: ID=189, Field=date, Value=2026-06-24
2026-06-29 08:23:13 - CURRENT VALUE: 2026-06-29 -> NEW VALUE: 2026-06-24
2026-06-29 08:23:13 - AFFECTED ROWS: 1
2026-06-29 08:23:14 - RECEIVED: ID=189, Field=amount, Value=0.00
2026-06-29 08:23:14 - CURRENT VALUE: 0.00 -> NEW VALUE: 0.00
2026-06-29 08:23:14 - AFFECTED ROWS: 0
2026-06-29 08:23:15 - RECEIVED: ID=134, Field=amount, Value=3044.50
2026-06-29 08:23:15 - CURRENT VALUE: 3044.50 -> NEW VALUE: 3044.50
2026-06-29 08:23:15 - AFFECTED ROWS: 0
2026-06-29 08:23:16 - RECEIVED: ID=189, Field=amount, Value=3044.50
2026-06-29 08:23:16 - CURRENT VALUE: 0.00 -> NEW VALUE: 3044.50
2026-06-29 08:23:16 - AFFECTED ROWS: 1
2026-06-29 08:23:17 - RECEIVED: ID=134, Field=remarks, Value=Tax Adjustment
2026-06-29 08:23:17 - CURRENT VALUE: Tax Adjustment -> NEW VALUE: Tax Adjustment
2026-06-29 08:23:17 - AFFECTED ROWS: 0
2026-06-29 08:23:19 - RECEIVED: ID=189, Field=remarks, Value=Tax Adjustment
2026-06-29 08:23:19 - CURRENT VALUE: Input Remarks -> NEW VALUE: Tax Adjustment
2026-06-29 08:23:19 - AFFECTED ROWS: 1
2026-06-29 08:23:48 - RECEIVED: ID=190, Field=date, Value=2026-06-24
2026-06-29 08:23:48 - CURRENT VALUE: 2026-06-29 -> NEW VALUE: 2026-06-24
2026-06-29 08:23:48 - AFFECTED ROWS: 1
2026-06-29 08:23:49 - RECEIVED: ID=190, Field=amount, Value=0.00
2026-06-29 08:23:49 - CURRENT VALUE: 0.00 -> NEW VALUE: 0.00
2026-06-29 08:23:49 - AFFECTED ROWS: 0
2026-06-29 08:23:51 - RECEIVED: ID=140, Field=amount, Value=7282.06
2026-06-29 08:23:51 - CURRENT VALUE: 7282.06 -> NEW VALUE: 7282.06
2026-06-29 08:23:51 - AFFECTED ROWS: 0
2026-06-29 08:23:52 - RECEIVED: ID=190, Field=amount, Value=7282.06
2026-06-29 08:23:52 - CURRENT VALUE: 0.00 -> NEW VALUE: 7282.06
2026-06-29 08:23:52 - AFFECTED ROWS: 1
2026-06-29 08:23:53 - RECEIVED: ID=140, Field=remarks, Value=Tax Adjustment
2026-06-29 08:23:53 - CURRENT VALUE: Tax Adjustment -> NEW VALUE: Tax Adjustment
2026-06-29 08:23:53 - AFFECTED ROWS: 0
2026-06-29 08:23:54 - RECEIVED: ID=190, Field=remarks, Value=Tax Adjustment
2026-06-29 08:23:54 - CURRENT VALUE: Input Remarks -> NEW VALUE: Tax Adjustment
2026-06-29 08:23:54 - AFFECTED ROWS: 1
2026-06-29 08:25:40 - RECEIVED: ID=140, Field=amount, Value=7282.06
2026-06-29 08:25:40 - CURRENT VALUE: 7282.06 -> NEW VALUE: 7282.06
2026-06-29 08:25:40 - AFFECTED ROWS: 0
2026-06-29 08:25:42 - RECEIVED: ID=190, Field=amount, Value=7282.02
2026-06-29 08:25:42 - CURRENT VALUE: 7282.06 -> NEW VALUE: 7282.02
2026-06-29 08:25:42 - AFFECTED ROWS: 1
2026-06-29 08:26:02 - RECEIVED: ID=189, Field=amount, Value=3044.49
2026-06-29 08:26:02 - CURRENT VALUE: 3044.50 -> NEW VALUE: 3044.49
2026-06-29 08:26:02 - AFFECTED ROWS: 1
2026-06-29 08:49:04 - RECEIVED: ID=151, Field=date, Value=2026-04-09
2026-06-29 08:49:04 - CURRENT VALUE: 2026-04-09 -> NEW VALUE: 2026-04-09
2026-06-29 08:49:04 - AFFECTED ROWS: 0
2026-06-29 08:49:07 - RECEIVED: ID=191, Field=date, Value=2026-06-24
2026-06-29 08:49:07 - CURRENT VALUE: 2026-06-29 -> NEW VALUE: 2026-06-24
2026-06-29 08:49:07 - AFFECTED ROWS: 1
2026-06-29 08:49:20 - RECEIVED: ID=191, Field=amount, Value=2649.86
2026-06-29 08:49:20 - CURRENT VALUE: 0.00 -> NEW VALUE: 2649.86
2026-06-29 08:49:20 - AFFECTED ROWS: 1
2026-06-29 08:49:28 - RECEIVED: ID=191, Field=remarks, Value=Adjustment
2026-06-29 08:49:28 - CURRENT VALUE: Input Remarks -> NEW VALUE: Adjustment
2026-06-29 08:49:28 - AFFECTED ROWS: 1
2026-06-29 08:49:45 - RECEIVED: ID=192, Field=date, Value=2026-06-24
2026-06-29 08:49:45 - CURRENT VALUE: 2026-06-29 -> NEW VALUE: 2026-06-24
2026-06-29 08:49:45 - AFFECTED ROWS: 1
2026-06-29 08:49:50 - RECEIVED: ID=192, Field=remarks, Value=Maternity Leave
2026-06-29 08:49:50 - CURRENT VALUE: Input Remarks -> NEW VALUE: Maternity Leave
2026-06-29 08:49:50 - AFFECTED ROWS: 1
2026-06-29 08:49:54 - RECEIVED: ID=192, Field=remarks, Value=Maternity Leave
2026-06-29 08:49:54 - CURRENT VALUE: Maternity Leave -> NEW VALUE: Maternity Leave
2026-06-29 08:49:54 - AFFECTED ROWS: 0
2026-06-29 08:49:59 - RECEIVED: ID=192, Field=amount, Value=9320.73
2026-06-29 08:49:59 - CURRENT VALUE: 0.00 -> NEW VALUE: 9320.73
2026-06-29 08:49:59 - AFFECTED ROWS: 1
2026-06-29 08:57:57 - RECEIVED: ID=191, Field=remarks, Value=Absent / Salary Adjustment
2026-06-29 08:57:57 - CURRENT VALUE: Adjustment -> NEW VALUE: Absent / Salary Adjustment
2026-06-29 08:57:57 - AFFECTED ROWS: 1
2026-07-14 06:15:13 - RECEIVED: ID=193, Field=date, Value=2026-07-01
2026-07-14 06:15:13 - CURRENT VALUE: 2026-07-14 -> NEW VALUE: 2026-07-01
2026-07-14 06:15:13 - AFFECTED ROWS: 1
2026-07-14 06:15:49 - RECEIVED: ID=193, Field=amount, Value=0.00
2026-07-14 06:15:49 - CURRENT VALUE: 0.00 -> NEW VALUE: 0.00
2026-07-14 06:15:49 - AFFECTED ROWS: 0
2026-07-14 06:16:08 - RECEIVED: ID=193, Field=date, Value=2026-07-01
2026-07-14 06:16:08 - CURRENT VALUE: 2026-07-01 -> NEW VALUE: 2026-07-01
2026-07-14 06:16:08 - AFFECTED ROWS: 0
2026-07-14 06:16:13 - RECEIVED: ID=193, Field=amount, Value=78.75
2026-07-14 06:16:13 - CURRENT VALUE: 0.00 -> NEW VALUE: 78.75
2026-07-14 06:16:13 - AFFECTED ROWS: 1
2026-07-14 06:16:17 - RECEIVED: ID=193, Field=remarks, Value=Late
2026-07-14 06:16:17 - CURRENT VALUE: Input Remarks -> NEW VALUE: Late
2026-07-14 06:16:17 - AFFECTED ROWS: 1
2026-07-14 06:16:52 - RECEIVED: ID=194, Field=date, Value=2026-07-01
2026-07-14 06:16:52 - CURRENT VALUE: 2026-07-14 -> NEW VALUE: 2026-07-01
2026-07-14 06:16:52 - AFFECTED ROWS: 1
2026-07-14 06:16:53 - RECEIVED: ID=194, Field=date, Value=2026-07-01
2026-07-14 06:16:53 - CURRENT VALUE: 2026-07-01 -> NEW VALUE: 2026-07-01
2026-07-14 06:16:53 - AFFECTED ROWS: 0
2026-07-14 06:16:59 - RECEIVED: ID=194, Field=amount, Value=9423.14
2026-07-14 06:16:59 - CURRENT VALUE: 0.00 -> NEW VALUE: 9423.14
2026-07-14 06:16:59 - AFFECTED ROWS: 1
2026-07-14 06:17:08 - RECEIVED: ID=194, Field=remarks, Value=Maternity Leave
2026-07-14 06:17:08 - CURRENT VALUE: Input Remarks -> NEW VALUE: Maternity Leave
2026-07-14 06:17:08 - AFFECTED ROWS: 1
2026-07-14 06:20:29 - RECEIVED: ID=195, Field=date, Value=2026-07-01
2026-07-14 06:20:29 - CURRENT VALUE: 2026-07-14 -> NEW VALUE: 2026-07-01
2026-07-14 06:20:29 - AFFECTED ROWS: 1
2026-07-14 06:20:33 - RECEIVED: ID=195, Field=amount, Value=122.01
2026-07-14 06:20:33 - CURRENT VALUE: 0.00 -> NEW VALUE: 122.01
2026-07-14 06:20:33 - AFFECTED ROWS: 1
2026-07-14 06:20:45 - RECEIVED: ID=195, Field=remarks, Value=Undertime Deduction
2026-07-14 06:20:45 - CURRENT VALUE: Input Remarks -> NEW VALUE: Undertime Deduction
2026-07-14 06:20:45 - AFFECTED ROWS: 1
2026-07-14 06:38:16 - RECEIVED: ID=196, Field=date, Value=2026-07-01
2026-07-14 06:38:16 - CURRENT VALUE: 2026-07-14 -> NEW VALUE: 2026-07-01
2026-07-14 06:38:16 - AFFECTED ROWS: 1
2026-07-14 06:38:21 - RECEIVED: ID=196, Field=amount, Value=72.44
2026-07-14 06:38:21 - CURRENT VALUE: 0.00 -> NEW VALUE: 72.44
2026-07-14 06:38:21 - AFFECTED ROWS: 1
2026-07-14 06:38:24 - RECEIVED: ID=196, Field=remarks, Value=Late
2026-07-14 06:38:24 - CURRENT VALUE: Input Remarks -> NEW VALUE: Late
2026-07-14 06:38:24 - AFFECTED ROWS: 1
2026-07-14 07:02:53 - RECEIVED: ID=197, Field=date, Value=2026-07-01
2026-07-14 07:02:53 - CURRENT VALUE: 2026-07-14 -> NEW VALUE: 2026-07-01
2026-07-14 07:02:53 - AFFECTED ROWS: 1
2026-07-14 07:02:55 - RECEIVED: ID=197, Field=amount, Value=2216.45
2026-07-14 07:02:55 - CURRENT VALUE: 0.00 -> NEW VALUE: 2216.45
2026-07-14 07:02:55 - AFFECTED ROWS: 1
2026-07-14 07:03:04 - RECEIVED: ID=197, Field=remarks, Value=Unpaid Leave - Bed Rest
2026-07-14 07:03:04 - CURRENT VALUE: Input Remarks -> NEW VALUE: Unpaid Leave - Bed Rest
2026-07-14 07:03:04 - AFFECTED ROWS: 1
2026-07-30 04:39:27 - RECEIVED: ID=198, Field=date, Value=2026-07-24
2026-07-30 04:39:27 - CURRENT VALUE: 2026-07-30 -> NEW VALUE: 2026-07-24
2026-07-30 04:39:27 - AFFECTED ROWS: 1
2026-07-30 04:39:33 - RECEIVED: ID=198, Field=amount, Value=209.42
2026-07-30 04:39:33 - CURRENT VALUE: 0.00 -> NEW VALUE: 209.42
2026-07-30 04:39:33 - AFFECTED ROWS: 1
2026-07-30 04:39:44 - RECEIVED: ID=198, Field=remarks, Value=Undertime Deduction
2026-07-30 04:39:44 - CURRENT VALUE: Input Remarks -> NEW VALUE: Undertime Deduction
2026-07-30 04:39:44 - AFFECTED ROWS: 1
2026-07-30 04:46:32 - RECEIVED: ID=199, Field=date, Value=2026-07-24
2026-07-30 04:46:32 - CURRENT VALUE: 2026-07-30 -> NEW VALUE: 2026-07-24
2026-07-30 04:46:32 - AFFECTED ROWS: 1
2026-07-30 04:46:35 - RECEIVED: ID=199, Field=amount, Value=87.95
2026-07-30 04:46:35 - CURRENT VALUE: 0.00 -> NEW VALUE: 87.95
2026-07-30 04:46:35 - AFFECTED ROWS: 1
2026-07-30 04:46:47 - RECEIVED: ID=199, Field=remarks, Value=Late Deduction
2026-07-30 04:46:47 - CURRENT VALUE: Input Remarks -> NEW VALUE: Late Deduction
2026-07-30 04:46:47 - AFFECTED ROWS: 1
2026-07-30 04:49:53 - RECEIVED: ID=200, Field=date, Value=2026-07-24
2026-07-30 04:49:53 - CURRENT VALUE: 2026-07-30 -> NEW VALUE: 2026-07-24
2026-07-30 04:49:53 - AFFECTED ROWS: 1
2026-07-30 04:49:53 - RECEIVED: ID=200, Field=amount, Value=41.88
2026-07-30 04:49:53 - CURRENT VALUE: 0.00 -> NEW VALUE: 41.88
2026-07-30 04:49:53 - AFFECTED ROWS: 1
2026-07-30 04:50:01 - RECEIVED: ID=200, Field=remarks, Value=Late Deduction
2026-07-30 04:50:01 - CURRENT VALUE: Input Remarks -> NEW VALUE: Late Deduction
2026-07-30 04:50:01 - AFFECTED ROWS: 1
2026-07-30 04:55:35 - RECEIVED: ID=201, Field=date, Value=2026-07-24
2026-07-30 04:55:35 - CURRENT VALUE: 2026-07-30 -> NEW VALUE: 2026-07-24
2026-07-30 04:55:35 - AFFECTED ROWS: 1
2026-07-30 04:55:36 - RECEIVED: ID=201, Field=amount, Value=0.00
2026-07-30 04:55:36 - CURRENT VALUE: 0.00 -> NEW VALUE: 0.00
2026-07-30 04:55:36 - AFFECTED ROWS: 0
2026-07-30 04:55:37 - RECEIVED: ID=201, Field=remarks, Value=Input Remarks
2026-07-30 04:55:37 - CURRENT VALUE: Input Remarks -> NEW VALUE: Input Remarks
2026-07-30 04:55:37 - AFFECTED ROWS: 0
2026-07-30 04:55:42 - RECEIVED: ID=201, Field=amount, Value=39.49
2026-07-30 04:55:42 - CURRENT VALUE: 0.00 -> NEW VALUE: 39.49
2026-07-30 04:55:42 - AFFECTED ROWS: 1
2026-07-30 04:55:48 - RECEIVED: ID=201, Field=remarks, Value=Late Deduction
2026-07-30 04:55:48 - CURRENT VALUE: Input Remarks -> NEW VALUE: Late Deduction
2026-07-30 04:55:48 - AFFECTED ROWS: 1
2026-07-30 04:56:45 - RECEIVED: ID=202, Field=amount, Value=1336.36
2026-07-30 04:56:45 - CURRENT VALUE: 0.00 -> NEW VALUE: 1336.36
2026-07-30 04:56:45 - AFFECTED ROWS: 1
2026-07-30 04:56:54 - RECEIVED: ID=202, Field=remarks, Value=Absent Deduction
2026-07-30 04:56:54 - CURRENT VALUE: Input Remarks -> NEW VALUE: Absent Deduction
2026-07-30 04:56:54 - AFFECTED ROWS: 1
2026-07-30 04:58:09 - RECEIVED: ID=202, Field=date, Value=2026-07-24
2026-07-30 04:58:09 - CURRENT VALUE: 2026-07-30 -> NEW VALUE: 2026-07-24
2026-07-30 04:58:09 - AFFECTED ROWS: 1
2026-07-30 05:10:11 - RECEIVED: ID=203, Field=amount, Value=191.60
2026-07-30 05:10:11 - CURRENT VALUE: 0.00 -> NEW VALUE: 191.60
2026-07-30 05:10:11 - AFFECTED ROWS: 1
2026-07-30 05:10:12 - RECEIVED: ID=203, Field=date, Value=2026-07-24
2026-07-30 05:10:12 - CURRENT VALUE: 2026-07-30 -> NEW VALUE: 2026-07-24
2026-07-30 05:10:12 - AFFECTED ROWS: 1
2026-07-30 05:10:12 - RECEIVED: ID=203, Field=amount, Value=191.60
2026-07-30 05:10:12 - CURRENT VALUE: 191.60 -> NEW VALUE: 191.60
2026-07-30 05:10:12 - AFFECTED ROWS: 0
2026-07-30 05:10:13 - RECEIVED: ID=203, Field=remarks, Value=Input Remarks
2026-07-30 05:10:13 - CURRENT VALUE: Input Remarks -> NEW VALUE: Input Remarks
2026-07-30 05:10:13 - AFFECTED ROWS: 0
2026-07-30 05:10:37 - RECEIVED: ID=203, Field=remarks, Value=Regularization Salary Adjustment
2026-07-30 05:10:37 - CURRENT VALUE: Input Remarks -> NEW VALUE: Regularization Salary Adjustment
2026-07-30 05:10:37 - AFFECTED ROWS: 1
2026-07-30 05:11:43 - RECEIVED: ID=203, Field=amount, Value=191.60
2026-07-30 05:11:43 - CURRENT VALUE: 191.60 -> NEW VALUE: 191.60
2026-07-30 05:11:43 - AFFECTED ROWS: 0
2026-07-30 05:11:51 - RECEIVED: ID=203, Field=remarks, Value=Regularization Salary Adjustment
2026-07-30 05:11:51 - CURRENT VALUE: Regularization Salary Adjustment -> NEW VALUE: Regularization Salary Adjustment
2026-07-30 05:11:51 - AFFECTED ROWS: 0
2026-07-30 05:12:00 - RECEIVED: ID=203, Field=remarks, Value=Regularization Salary Adjustment
2026-07-30 05:12:00 - CURRENT VALUE: Regularization Salary Adjustment -> NEW VALUE: Regularization Salary Adjustment
2026-07-30 05:12:00 - AFFECTED ROWS: 0
2026-07-30 05:12:04 - RECEIVED: ID=203, Field=amount, Value=191.60
2026-07-30 05:12:04 - CURRENT VALUE: 191.60 -> NEW VALUE: 191.60
2026-07-30 05:12:04 - AFFECTED ROWS: 0
2026-07-30 05:12:07 - RECEIVED: ID=203, Field=date, Value=2026-07-24
2026-07-30 05:12:07 - CURRENT VALUE: 2026-07-24 -> NEW VALUE: 2026-07-24
2026-07-30 05:12:07 - AFFECTED ROWS: 0
2026-07-30 05:21:13 - RECEIVED: ID=204, Field=date, Value=2026-07-24
2026-07-30 05:21:13 - CURRENT VALUE: 2026-07-30 -> NEW VALUE: 2026-07-24
2026-07-30 05:21:13 - AFFECTED ROWS: 1
2026-07-30 05:21:15 - RECEIVED: ID=204, Field=date, Value=2026-07-24
2026-07-30 05:21:15 - CURRENT VALUE: 2026-07-24 -> NEW VALUE: 2026-07-24
2026-07-30 05:21:15 - AFFECTED ROWS: 0
2026-07-30 05:21:17 - RECEIVED: ID=204, Field=amount, Value=1895.46
2026-07-30 05:21:17 - CURRENT VALUE: 0.00 -> NEW VALUE: 1895.46
2026-07-30 05:21:17 - AFFECTED ROWS: 1
2026-07-30 05:21:29 - RECEIVED: ID=204, Field=remarks, Value=HIre Date July 8
2026-07-30 05:21:29 - CURRENT VALUE: Input Remarks -> NEW VALUE: HIre Date July 8
2026-07-30 05:21:29 - AFFECTED ROWS: 1
2026-07-30 05:23:33 - RECEIVED: ID=204, Field=remarks, Value=HIre Date July 8
2026-07-30 05:23:33 - CURRENT VALUE: HIre Date July 8 -> NEW VALUE: HIre Date July 8
2026-07-30 05:23:33 - AFFECTED ROWS: 0
2026-07-30 05:23:56 - RECEIVED: ID=204, Field=remarks, Value=HIre Date July 8
2026-07-30 05:23:56 - CURRENT VALUE: HIre Date July 8 -> NEW VALUE: HIre Date July 8
2026-07-30 05:23:56 - AFFECTED ROWS: 0
2026-07-30 05:28:03 - RECEIVED: ID=142, Field=amount, Value=436.48
2026-07-30 05:28:03 - CURRENT VALUE: 686.23 -> NEW VALUE: 436.48
2026-07-30 05:28:03 - AFFECTED ROWS: 1
2026-07-30 05:28:05 - RECEIVED: ID=142, Field=amount, Value=436.49
2026-07-30 05:28:05 - CURRENT VALUE: 436.48 -> NEW VALUE: 436.49
2026-07-30 05:28:05 - AFFECTED ROWS: 1
2026-07-30 05:28:09 - RECEIVED: ID=205, Field=date, Value=2026-07-24
2026-07-30 05:28:09 - CURRENT VALUE: 2026-07-30 -> NEW VALUE: 2026-07-24
2026-07-30 05:28:09 - AFFECTED ROWS: 1
2026-07-30 05:28:10 - RECEIVED: ID=205, Field=amount, Value=436.48
2026-07-30 05:28:10 - CURRENT VALUE: 0.00 -> NEW VALUE: 436.48
2026-07-30 05:28:10 - AFFECTED ROWS: 1
2026-07-30 05:28:32 - RECEIVED: ID=205, Field=remarks, Value=Employee Loan for Dispute
2026-07-30 05:28:32 - CURRENT VALUE: Input Remarks -> NEW VALUE: Employee Loan for Dispute
2026-07-30 05:28:32 - AFFECTED ROWS: 1
2026-07-30 07:03:18 - RECEIVED: ID=205, Field=amount, Value=436.48
2026-07-30 07:03:18 - CURRENT VALUE: 436.48 -> NEW VALUE: 436.48
2026-07-30 07:03:18 - AFFECTED ROWS: 0
2026-07-30 07:04:13 - RECEIVED: ID=206, Field=date, Value=2026-07-30
2026-07-30 07:04:13 - CURRENT VALUE: 2026-07-30 -> NEW VALUE: 2026-07-30
2026-07-30 07:04:13 - AFFECTED ROWS: 0
2026-07-30 07:05:09 - RECEIVED: ID=207, Field=date, Value=2026-07-24
2026-07-30 07:05:09 - CURRENT VALUE: 2026-07-30 -> NEW VALUE: 2026-07-24
2026-07-30 07:05:09 - AFFECTED ROWS: 1
2026-07-30 07:05:10 - RECEIVED: ID=207, Field=amount, Value=436.48
2026-07-30 07:05:10 - CURRENT VALUE: 0.00 -> NEW VALUE: 436.48
2026-07-30 07:05:10 - AFFECTED ROWS: 1
2026-07-30 07:05:16 - RECEIVED: ID=207, Field=remarks, Value=Employee Loan
2026-07-30 07:05:16 - CURRENT VALUE: Input Remarks -> NEW VALUE: Employee Loan
2026-07-30 07:05:16 - AFFECTED ROWS: 1
